map "https://bfd.cms.gov/MappingLanguage/Maps/ExplanationOfBenefit-Helper" = "eob-support-map"

conceptmap "FinalActionIndicator" {
  prefix s = "https://hl7.org/fhir/string"
  prefix t = "http://hl7.org/fhir/explanationofbenefit-status"

  s:Y == t:"active"
  s:N == t:"cancelled"
}

conceptmap "PRVDR_ID_QLFYR_CD" {
  prefix s = "https://hl7.org/fhir/string"
  prefix t = "http://bluebutton.cms.gov/fhir/CodeSystem/PRVDR-ID-QLFYR-CD"
  
  s:"01" == t:"NPI Number"
  s:"06" == t:"UPIN"
  s:"07" == t:"NCPDP Number"
  s:"08" == t:"State License Number"
  s:"11" == t:"TIN"
  s:"12" == t:"DEA"
  s:"99" == t:"Other mandatory for Standard Data Format"

}

conceptmap "FED_PRVDR_SPCLTY_TO_TAXONOMY" {
  prefix s = "https://hl7.org/fhir/string"
  prefix t = "http://nucc.org/provider-taxonomy"

  s:"1" == t:"208D00000X"
  s:"2" == t:"208600000X"
  s:"3" == t:"207K00000X"
  s:"4" == t:"207Y00000X"
  s:"5" == t:"207L00000X"
  s:"6" == t:"207RC0000X"
  s:"7" == t:"207N00000X"
  s:"8" == t:"207Q00000X"
  s:"9" == t:"208VP0014X"
  s:"10" == t:"207RG0100X"
  s:"11" == t:"207R00000X"
  s:"12" == t:"204D00000X"
  s:"13" == t:"2084N0400X"
  s:"14" == t:"207T00000X"
  s:"15" == t:"235Z00000X"
  s:"16" == t:"207V00000X"
  s:"17" == t:"2086H0002X"
  s:"18" == t:"207W00000X"
  s:"19" == t:"1223S0112X"
  s:"20" == t:"207X00000X"
  s:"21" == t:"207RC0001X"
  s:"22" == t:"207ZP0101X"
  s:"23" == t:"207XX0005X"
  s:"24" == t:"208200000X"
  s:"25" == t:"208100000X"
  s:"26" == t:"2084P0800X"
  s:"27" == t:"207QG0300X"
  s:"28" == t:"208C00000X"
  s:"29" == t:"207RP1001X"
  s:"30" == t:"2085R0202X"
  s:"31" == t:"163WC3500X"
  s:"32" == t:"367H00000X"
  s:"33" == t:"208G00000X"
  s:"34" == t:"208800000X"
  s:"35" == t:"111N00000X"
  s:"36" == t:"207U00000X"
  s:"37" == t:"208000000X"
  s:"39" == t:"207RN0300X"
  s:"40" == t:"2086S0105X"
  s:"41" == t:"152W00000X"
  s:"42" == t:"367A00000X"
  s:"43" == t:"367500000X"
  s:"44" == t:"207RI0200X"
  s:"45" == t:"261QR0208X"
  s:"45" == t:"261QR0207X"
  s:"46" == t:"207RE0101X"
  s:"47" == t:"293D00000X"
  s:"48" == t:"213E00000X"
  s:"49" == t:"261QA1903X"
  s:"50" == t:"363L00000X"
  s:"51" == t:"335E00000X"
  s:"52" == t:"335E00000X"
  s:"53" == t:"335E00000X"
  s:"54" == t:"332B00000X"
  s:"55" == t:"222Z00000X"
  s:"56" == t:"224P00000X"
  s:"57" == t:"222Z00000X"
  s:"58" == t:"332B00000X"
  s:"59" == t:"341600000X"
  s:"60" == t:"251K00000X"
  s:"61" == t:"251V00000X"
  s:"62" == t:"103T00000X"
  s:"63" == t:"335V00000X"
  s:"64" == t:"231H00000X"
  s:"65" == t:"225100000X"
  s:"66" == t:"207RR0500X"
  s:"67" == t:"225X00000X"
  s:"68" == t:"103TC0700X"
  s:"69" == t:"291U00000X"
  s:"70" == t:"193200000X"
  s:"71" == t:"133V00000X"
  s:"72" == t:"208VP0000X"
  s:"74" == t:"261QX0203X"
  s:"76" == t:"2086S0129X"
  s:"77" == t:"2086S0129X"
  s:"78" == t:"2086S0129X"
  s:"79" == t:"207RA0401X"
  s:"80" == t:"1041C0700X"
  s:"81" == t:"207RC0200X"
  s:"82" == t:"207RH0000X"
  s:"83" == t:"207RH0003X"
  s:"84" == t:"2083P0901X"
  s:"85" == t:"204E00000X"
  s:"86" == t:"2084N0600X"
  s:"89" == t:"364S00000X"
  s:"90" == t:"207RX0202X"
  s:"91" == t:"2086X0206X"
  s:"92" == t:"2085R0001X"
  s:"93" == t:"207P00000X"
  s:"94" == t:"2085R0204X"
  s:"96" == t:"156FX1800X"
  s:"97" == t:"363A00000X"
  s:"98" == t:"207VX0201X"
  s:"A0" == t:"282N00000X"
  s:"A1" == t:"314000000X"
  s:"A2" == t:"313M00000X"
  s:"A3" == t:"313M00000X"
  s:"A4" == t:"251E00000X"
  s:"A5" == t:"333600000X"
  s:"A6" == t:"332B00000X"
  s:"A7" == t:"332B00000X"
  s:"A8" == t:"332B00000X"
  s:"A9" == t:"332800000X"
  s:"B1" == t:"332BX2000X"
  s:"B2" == t:"222Z00000X"
  s:"B3" == t:"332B00000X"
  s:"B4" == t:"291U00000X"
  s:"B5" == t:"156FX1700X"
  s:"C0" == t:"207QS1201X"
  s:"C3" == t:"207RI0011X"
  s:"C5" == t:"122300000X"
  s:"C6" == t:"208M00000X"
  s:"C7" == t:"207RA0001X"
  s:"C8" == t:"207PT0002X"
  s:"D1" == t:"174H00000X"
  s:"D3" == t:"207SG0201X"
  s:"D4" == t:"207PE0005X"
  s:"D5" == t:"261QR0405X"
  s:"D6" == t:"3336H0001X"
  s:"D7" == t:"207ND0101X"
  s:"D8" == t:"207RA0002X"
  s:"E1" == t:"106H00000X"
  s:"E2" == t:"101YP2500X"
  s:"E3" == t:"101YM0800X"
  s:"E6" == t:"1223P0106X"
  s:"F6" == t:"2084E0001X"

}

conceptmap "CLM_LTST_CLM_IND" {
  prefix s = "https://hl7.org/fhir/string"
  prefix t = "http://hl7.org/fhir/explanationofbenefit-status"

  s:Y == t:"active"
  s:N == t:"cancelled"
}

conceptmap "CLM_TYPE_CD" {
  prefix s = "https://hl7.org/fhir/string"
  prefix t = "http://terminology.hl7.org/CodeSystem/claim-type"

  s:1 == t:"pharmacy"
  s:2 == t:"pharmacy"
  s:3 == t:"pharmacy"
  s:4 == t:"pharmacy"
  s:10 == t:"institutional"
  s:20 == t:"institutional"
  s:30 == t:"institutional"
  s:40 == t:"institutional"
  s:50 == t:"institutional"
  s:60 == t:"institutional"
  s:61 == t:"institutional"
  s:62 == t:"institutional"
  s:63 == t:"institutional"
  s:71 == t:"professional"
  s:72 == t:"professional"
  s:81 == t:"professional"
  s:82 == t:"professional"
  s:1011 == t:"institutional"
  s:2011 == t:"institutional"
  s:2700 == t:"professional"
}

conceptmap "RIC_CD" {
  prefix s = "https://hl7.org/fhir/string"
  prefix t = "https://hl7.org/fhir/string"

  s:M == t:"Part B"
  s:O == t:"Part B"
  s:U == t:"Part A"
  s:V == t:"Part A"
  s:W == t:"Part B"
}

conceptmap "profile_metadata_default" {
  prefix s = "https://hl7.org/fhir/string"
  prefix t = "https://hl7.org/fhir/string"

  s:1 == t:"https://bluebutton.cms.gov/fhir/StructureDefinition/ExplanationOfBenefit-Pharmacy"
  s:2 == t:"https://bluebutton.cms.gov/fhir/StructureDefinition/ExplanationOfBenefit-Pharmacy"
  s:3 == t:"https://bluebutton.cms.gov/fhir/StructureDefinition/ExplanationOfBenefit-Pharmacy"
  s:4 == t:"https://bluebutton.cms.gov/fhir/StructureDefinition/ExplanationOfBenefit-Pharmacy"
  s:10 == t:"https://bluebutton.cms.gov/fhir/StructureDefinition/ExplanationOfBenefit-Inpatient-Institutional"
  s:20 == t:"https://bluebutton.cms.gov/fhir/StructureDefinition/ExplanationOfBenefit-Inpatient-Institutional"
  s:30 == t:"https://bluebutton.cms.gov/fhir/StructureDefinition/ExplanationOfBenefit-Inpatient-Institutional"
  s:40 == t:"https://bluebutton.cms.gov/fhir/StructureDefinition/ExplanationOfBenefit-Outpatient-Institutional"
  s:50 == t:"https://bluebutton.cms.gov/fhir/StructureDefinition/ExplanationOfBenefit-Inpatient-Institutional"
  s:60 == t:"https://bluebutton.cms.gov/fhir/StructureDefinition/ExplanationOfBenefit-Inpatient-Institutional"
  s:61 == t:"https://bluebutton.cms.gov/fhir/StructureDefinition/ExplanationOfBenefit-Inpatient-Institutional"
  s:62 == t:"https://bluebutton.cms.gov/fhir/StructureDefinition/ExplanationOfBenefit-Inpatient-Institutional"
  s:63 == t:"https://bluebutton.cms.gov/fhir/StructureDefinition/ExplanationOfBenefit-Inpatient-Institutional"
  s:71 == t:"https://bluebutton.cms.gov/fhir/StructureDefinition/ExplanationOfBenefit-Professional-NonClinician"
  s:72 == t:"https://bluebutton.cms.gov/fhir/StructureDefinition/ExplanationOfBenefit-Professional-NonClinician"
  s:81 == t:"https://bluebutton.cms.gov/fhir/StructureDefinition/ExplanationOfBenefit-Professional-NonClinician"
  s:82 == t:"https://bluebutton.cms.gov/fhir/StructureDefinition/ExplanationOfBenefit-Professional-NonClinician"
  s:1011 == t:"https://bluebutton.cms.gov/fhir/StructureDefinition/ExplanationOfBenefit-Inpatient-Institutional"
  s:2011 == t:"https://bluebutton.cms.gov/fhir/StructureDefinition/ExplanationOfBenefit-Inpatient-Institutional"
  s:2700 == t:"https://bluebutton.cms.gov/fhir/StructureDefinition/ExplanationOfBenefit-Professional-NonClinician"
}

conceptmap "profile_metadata_c4bb_full" {
  prefix s = "https://hl7.org/fhir/string"
  prefix t = "https://hl7.org/fhir/string"

  s:1 == t:"http://hl7.org/fhir/us/carin-bb/StructureDefinition/C4BB-ExplanationOfBenefit-Pharmacy|2.2.0"
  s:2 == t:"http://hl7.org/fhir/us/carin-bb/StructureDefinition/C4BB-ExplanationOfBenefit-Pharmacy|2.2.0"
  s:3 == t:"http://hl7.org/fhir/us/carin-bb/StructureDefinition/C4BB-ExplanationOfBenefit-Pharmacy|2.2.0"
  s:4 == t:"http://hl7.org/fhir/us/carin-bb/StructureDefinition/C4BB-ExplanationOfBenefit-Pharmacy|2.2.0"
  s:10 == t:"http://hl7.org/fhir/us/carin-bb/StructureDefinition/C4BB-ExplanationOfBenefit-Inpatient-Institutional|2.2.0"
  s:20 == t:"http://hl7.org/fhir/us/carin-bb/StructureDefinition/C4BB-ExplanationOfBenefit-Inpatient-Institutional|2.2.0"
  s:30 == t:"http://hl7.org/fhir/us/carin-bb/StructureDefinition/C4BB-ExplanationOfBenefit-Inpatient-Institutional|2.2.0"
  s:40 == t:"http://hl7.org/fhir/us/carin-bb/StructureDefinition/C4BB-ExplanationOfBenefit-Outpatient-Institutional|2.2.0"
  s:50 == t:"http://hl7.org/fhir/us/carin-bb/StructureDefinition/C4BB-ExplanationOfBenefit-Inpatient-Institutional|2.2.0"
  s:60 == t:"http://hl7.org/fhir/us/carin-bb/StructureDefinition/C4BB-ExplanationOfBenefit-Inpatient-Institutional|2.2.0"
  s:61 == t:"http://hl7.org/fhir/us/carin-bb/StructureDefinition/C4BB-ExplanationOfBenefit-Inpatient-Institutional|2.2.0"
  s:62 == t:"http://hl7.org/fhir/us/carin-bb/StructureDefinition/C4BB-ExplanationOfBenefit-Inpatient-Institutional|2.2.0"
  s:63 == t:"http://hl7.org/fhir/us/carin-bb/StructureDefinition/C4BB-ExplanationOfBenefit-Inpatient-Institutional|2.2.0"
  s:71 == t:"http://hl7.org/fhir/us/carin-bb/StructureDefinition/C4BB-ExplanationOfBenefit-Professional-NonClinician|2.2.0"
  s:72 == t:"http://hl7.org/fhir/us/carin-bb/StructureDefinition/C4BB-ExplanationOfBenefit-Professional-NonClinician|2.2.0"
  s:81 == t:"http://hl7.org/fhir/us/carin-bb/StructureDefinition/C4BB-ExplanationOfBenefit-Professional-NonClinician|2.2.0"
  s:82 == t:"http://hl7.org/fhir/us/carin-bb/StructureDefinition/C4BB-ExplanationOfBenefit-Professional-NonClinician|2.2.0"
  s:1011 == t:"http://hl7.org/fhir/us/carin-bb/StructureDefinition/C4BB-ExplanationOfBenefit-Inpatient-Institutional|2.2.0"
  s:2011 == t:"http://hl7.org/fhir/us/carin-bb/StructureDefinition/C4BB-ExplanationOfBenefit-Inpatient-Institutional|2.2.0"
  s:2700 == t:"http://hl7.org/fhir/us/carin-bb/StructureDefinition/C4BB-ExplanationOfBenefit-Professional-NonClinician|2.2.0"
}

conceptmap "profile_metadata_basis" {
  prefix s = "https://hl7.org/fhir/string"
  prefix t = "https://hl7.org/fhir/string"

  s:1 == t:"http://hl7.org/fhir/us/carin-bb/StructureDefinition/C4BB-ExplanationOfBenefit-Pharmacy-Basis|2.2.0"
  s:2 == t:"http://hl7.org/fhir/us/carin-bb/StructureDefinition/C4BB-ExplanationOfBenefit-Pharmacy-Basis|2.2.0"
  s:3 == t:"http://hl7.org/fhir/us/carin-bb/StructureDefinition/C4BB-ExplanationOfBenefit-Pharmacy-Basis|2.2.0"
  s:4 == t:"http://hl7.org/fhir/us/carin-bb/StructureDefinition/C4BB-ExplanationOfBenefit-Pharmacy-Basis|2.2.0"
  s:10 == t:"http://hl7.org/fhir/us/carin-bb/StructureDefinition/C4BB-ExplanationOfBenefit-Inpatient-Institutional-Basis|2.2.0"
  s:20 == t:"http://hl7.org/fhir/us/carin-bb/StructureDefinition/C4BB-ExplanationOfBenefit-Inpatient-Institutional-Basis|2.2.0"
  s:30 == t:"http://hl7.org/fhir/us/carin-bb/StructureDefinition/C4BB-ExplanationOfBenefit-Inpatient-Institutional-Basis|2.2.0"
  s:40 == t:"http://hl7.org/fhir/us/carin-bb/StructureDefinition/C4BB-ExplanationOfBenefit-Outpatient-Institutional-Basis|2.2.0"
  s:50 == t:"http://hl7.org/fhir/us/carin-bb/StructureDefinition/C4BB-ExplanationOfBenefit-Inpatient-Institutional-Basis|2.2.0"
  s:60 == t:"http://hl7.org/fhir/us/carin-bb/StructureDefinition/C4BB-ExplanationOfBenefit-Inpatient-Institutional-Basis|2.2.0"
  s:61 == t:"http://hl7.org/fhir/us/carin-bb/StructureDefinition/C4BB-ExplanationOfBenefit-Inpatient-Institutional-Basis|2.2.0"
  s:62 == t:"http://hl7.org/fhir/us/carin-bb/StructureDefinition/C4BB-ExplanationOfBenefit-Inpatient-Institutional-Basis|2.2.0"
  s:63 == t:"http://hl7.org/fhir/us/carin-bb/StructureDefinition/C4BB-ExplanationOfBenefit-Inpatient-Institutional-Basis|2.2.0"
  s:71 == t:"http://hl7.org/fhir/us/carin-bb/StructureDefinition/C4BB-ExplanationOfBenefit-Professional-NonClinician-Basis|2.2.0"
  s:72 == t:"http://hl7.org/fhir/us/carin-bb/StructureDefinition/C4BB-ExplanationOfBenefit-Professional-NonClinician-Basis|2.2.0"
  s:81 == t:"http://hl7.org/fhir/us/carin-bb/StructureDefinition/C4BB-ExplanationOfBenefit-Professional-NonClinician-Basis|2.2.0"
  s:82 == t:"http://hl7.org/fhir/us/carin-bb/StructureDefinition/C4BB-ExplanationOfBenefit-Professional-NonClinician-Basis|2.2.0"
  s:1011 == t:"http://hl7.org/fhir/us/carin-bb/StructureDefinition/C4BB-ExplanationOfBenefit-Inpatient-Institutional-Basis|2.2.0"
  s:2011 == t:"http://hl7.org/fhir/us/carin-bb/StructureDefinition/C4BB-ExplanationOfBenefit-Inpatient-Institutional-Basis|2.2.0"
  s:2700 == t:"http://hl7.org/fhir/us/carin-bb/StructureDefinition/C4BB-ExplanationOfBenefit-Professional-NonClinician-Basis|2.2.0"
}

conceptmap "subtype" {
  prefix s = "https://hl7.org/fhir/string"
  prefix t = "http://hl7.org/fhir/us/carin-bb/CodeSystem/C4BBInstitutionalClaimSubType"

  s:10 == t:"inpatient"
  s:20 == t:"inpatient"
  s:30 == t:"inpatient"
  s:40 == t:"outpatient"
  s:50 == t:"inpatient"
  s:60 == t:"inpatient"
  s:61 == t:"inpatient"
  s:62 == t:"inpatient"
  s:63 == t:"inpatient"
  s:1011 == t:"inpatient"
  s:1041 == t:"inpatient"
  s:2011 == t:"inpatient"
  s:2041 == t:"inpatient"
}

conceptmap "CLM_SRC_ID" {
  prefix s = "https://hl7.org/fhir/string"
  prefix t = "https://hl7.org/fhir/string"

  s:"N/A" == t:"Medicaid"
  s:"20000" == t:"NCH"
  s:"21000" == t:"FISS"
  s:"22000" == t:"MCS"
  s:"23000" == t:"VMS"
  s:"24000" == t:"EDPS"
  s:"25000" == t:"EncounterMedicaidDuals"
}

conceptmap "META_SRC_SK" {
  prefix s = "https://hl7.org/fhir/string"
  prefix t = "https://hl7.org/fhir/string"

  s:"1" == t:"DDPS"
  s:"7" == t:"NCH"
  s:"1001" == t:"MCS"
  s:"1002" == t:"VMS"
  s:"1003" == t:"FISS"
  s:"1004" == t:"MAP"
}

conceptmap "SYSTEM_TYPE" {
  prefix s = "https://hl7.org/fhir/string"
  prefix t = "https://bluebutton.cms.gov/fhir/CodeSystem/System-Type"

  s:"1" == t:"DDPS"
  s:"7" == t:"NationalClaimsHistory"
  s:"1001" == t:"SharedSystem"
  s:"1002" == t:"SharedSystem"
  s:"1003" == t:"SharedSystem"
  s:"1004" == t:"SharedSystem"
}

conceptmap "FINAL_ACTION" {
  prefix s = "https://hl7.org/fhir/string"
  prefix t = "https://bluebutton.cms.gov/fhir/CodeSystem/Final-Action"

  s:"Y" == t:"FinalAction"
  s:"N" == t:"NotFinalAction"
}

conceptmap "CLM_PD_STUS_CD" {
  prefix s = "https://hl7.org/fhir/string"
  prefix t = "https://hl7.org/fhir/string"

  s:"P" == t:"complete"
  s:"1" == t:"complete"
  s:"R" == t:"complete"
  s:"2" == t:"complete"
  s:"D" == t:"complete"
  s:"Y" == t:"complete"
  s:"~" == t:"partial"
  s:"I" == t:"partial"
  s:"S" == t:"partial"
  s:"T" == t:"partial"
}

conceptmap "CLM_AUDT_TRL_STUS_CD_MCS" {
  prefix s = "https://hl7.org/fhir/string"
  prefix t = "https://hl7.org/fhir/string"

  s:"A" = t:"queued"
  s:"B" = t:"queued"
  s:"C" = t:"partial"
  s:"D" = t:"complete"
  s:"E" = t:"complete"
  s:"F" = t:"complete"
  s:"G" = t:"complete"
  s:"J" = t:"queued"
  s:"K" = t:"queued"
  s:"L" = t:"partial"
  s:"M" = t:"complete"
  s:"N" = t:"complete"
  s:"P" = t:"complete"
  s:"Q" = t:"complete"
  s:"R" = t:"complete"
  s:"U" = t:"complete"
  s:"V" = t:"complete"
  s:"W" = t:"complete"
  s:"X" = t:"complete"
  s:"Y" = t:"complete"
  s:"Z" = t:"complete"
  s:"1" = t:"queued"
  s:"2" = t:"queued"
  s:"3" = t:"partial"
  s:"4" = t:"complete"
  s:"5" = t:"complete"
  s:"6" = t:"error"
  s:"8" = t:"complete"
  s:"9" = t:"complete"
}

// Separate concept map for FISS since outcome differs for codes F & M
conceptmap "CLM_AUDT_TRL_STUS_CD_FISS" {
  prefix s = "https://hl7.org/fhir/string"
  prefix t = "https://hl7.org/fhir/string"

  s:"A" == t:"queued"
  s:"F" == t:"partial"
  s:"I" == t:"partial"
  s:"S" == t:"partial"
  s:"M" == t:"partial"
  s:"P" == t:"complete"
  s:"R" == t:"complete"
  s:"D" == t:"complete"
  s:"T" == t:"partial"
  s:"U" == t:"complete"
}

conceptmap "CLM_DGNS_PRCDR_ICD_IND_PROCEDURE" {
  prefix s = "https://hl7.org/fhir/string"
  prefix t = "https://hl7.org/fhir/string"

  s:" " == t:"http://www.cms.gov/Medicare/Coding/ICD9"
  s:"9" == t:"http://www.cms.gov/Medicare/Coding/ICD9"
  s:"0" == t:"http://www.cms.gov/Medicare/Coding/ICD10"
}

conceptmap "CLM_DGNS_PRCDR_ICD_IND_DIAGNOSIS" {
  prefix s = "https://hl7.org/fhir/string"
  prefix t = "https://hl7.org/fhir/string"

  s:" " == t:"http://hl7.org/fhir/sid/icd-9-cm"
  s:"9" == t:"http://hl7.org/fhir/sid/icd-9-cm"
  s:"0" == t:"http://hl7.org/fhir/sid/icd-10-cm"
}

conceptmap "HL7_DIAGTYPE" {
  prefix s = "https://hl7.org/fhir/string"
  prefix t = "http://terminology.hl7.org/CodeSystem/ex-diagnosistype"

  s:"A" == t:"admitting"
  s:"P" == t:"principal"
}

conceptmap "C4BB_DIAGTYPE" {
  prefix s = "https://hl7.org/fhir/string"
  prefix t = "http://hl7.org/fhir/us/carin-bb/CodeSystem/C4BBClaimDiagnosisType"

  s:"1" == t:"externalcauseofinjury"
  s:"D" == t:"other"
  s:"E" == t:"externalcauseofinjury"
  s:"R" == t:"patientreasonforvisit"
}

conceptmap "C4BB_DIAGTYPE_PROF" {
  prefix s = "https://hl7.org/fhir/string"
  prefix t = "http://hl7.org/fhir/us/carin-bb/CodeSystem/C4BBClaimDiagnosisType"

  s:"D" == t:"secondary"
}

conceptmap "C4BB-SupportingInfo-Categories" {
  prefix s = "https://hl7.org/fhir/string"
  prefix t = "http://hl7.org/fhir/us/carin-bb/CodeSystem/C4BBSupportingInfoType"

  s:"CLM_ACTV_CARE_FROM_DT" == t:"admissionperiod"
  s:"CLM_ADMSN_TYPE_CD" == t:"admtype"
  s:"CLM_SUBMSN_DT" == t:"clmrecvddate"
  s:"BENE_PTNT_STUS_CD" == t:"discharge-status"
  s:"DGNS_DRG_CD" == t:"drg"
  s:"CLM_ADMSN_SRC_CD" == t:"pointoforigin"
  s:"TYPE_OF_BILL_CD" == t:"typeofbill"
  s:"CLM_LINE_DAYS_SUPLY_QTY" == t:"dayssupply"
  s:"CLM_LINE_RX_FILL_NUM" == t:"refillnum"
  s:"CLM_DAW_PROD_SLCTN_CD" == t:"dawcode"
  s:"CLM_CMPND_CD" == t:"compoundcode"
  s:"CLM_BRND_GNRC_CD" == t:"brandgenericindicator"
  s:"CLM_LINE_RX_ORGN_CD" == t:"rxorigincode"
  s:"CLM_LINE_AUTHRZD_FILL_NUM" == t:"refillsauthorized"

}

conceptmap "UnitTransform" {
  prefix s = "https://hl7.org/fhir/string"
  prefix t = "http://unitsofmeasure.org"

  s:"ML" == t:"mL"
  s:"ME" == t:"mg"
  s:"UN" == t:"[arb'U]"
  s:"F2" == t:"[IU]"
  s:"GR" == t:"g"
  s:"EA" == t:"[arb'U]"

}

//Not completed, this is an example.
conceptmap "SSAToUSPSState" {
  prefix s = "https://hl7.org/fhir/string"
  prefix t = "https://hl7.org/fhir/string"

  s:"01" == t:"AL"
  s:"02" == t:"AK"
  s:"03" == t:"AZ"
  s:"04" == t:"AR"
  s:"05" == t:"CA"
  s:"06" == t:"CO"

}
