gov.cms.bfd.server.ng.CoverageReadIT.coverageReadBeneWithAllCoverage[allCoveragedual]=[
{
  "resourceType": "Coverage",
  "id": "dual-405764107",
  "meta": {
    "lastUpdated": "9999-12-31T00:00:00.000+00:00",
    "profile": [ "http://hl7.org/fhir/us/carin-bb/StructureDefinition/C4BB-Coverage|2.2.0", "http://hl7.org/fhir/us/core/StructureDefinition/us-core-coverage|7.0.0" ]
  },
  "contained": [ {
    "resourceType": "Organization",
    "id": "cms-org",
    "meta": {
      "profile": [ "http://hl7.org/fhir/us/carin-bb/StructureDefinition/C4BB-Organization|2.2.0" ]
    },
    "active": true,
    "name": "Centers for Medicare and Medicaid Services",
    "contact": [ {
      "purpose": {
        "coding": [ {
          "system": "http://terminology.hl7.org/CodeSystem/contactentity-type",
          "code": "PATINF",
          "display": "Patient"
        } ]
      },
      "telecom": [ {
        "system": "phone",
        "value": "1-800-633-4227"
      }, {
        "system": "phone",
        "value": "TTY: 1-877-486-2048"
      }, {
        "system": "url",
        "value": "www.medicare.gov"
      } ]
    } ]
  } ],
  "extension": [ {
    "url": "https://bluebutton.cms.gov/fhir/StructureDefinition/BENE-DUAL-STUS-CD",
    "valueCoding": {
      "system": "https://bluebutton.cms.gov/fhir/CodeSystem/BENE-DUAL-STUS-CD",
      "code": "05"
    }
  }, {
    "url": "https://bluebutton.cms.gov/fhir/StructureDefinition/BENE-DUAL-TYPE-CD",
    "valueCoding": {
      "system": "https://bluebutton.cms.gov/fhir/CodeSystem/BENE-DUAL-TYPE-CD",
      "code": "N"
    }
  }, {
    "url": "https://bluebutton.cms.gov/fhir/StructureDefinition/MEDICAID-STATE-CD",
    "valueCoding": {
      "system": "https://www.usps.com",
      "code": "VT"
    }
  } ],
  "identifier": [ {
    "type": {
      "coding": [ {
        "system": "http://terminology.hl7.org/CodeSystem/v2-0203",
        "code": "MB"
      } ]
    },
    "system": "http://hl7.org/fhir/sid/us-mbi",
    "value": "8Z73WV0QC20"
  } ],
  "status": "active",
  "type": {
    "coding": [ {
      "system": "https://nahdo.org/sopt",
      "code": "14",
      "display": "Dual Eligibility Medicare/Medicaid Organization"
    } ]
  },
  "subscriberId": "8Z73WV0QC20",
  "beneficiary": {
    "reference": "Patient/405764107"
  },
  "relationship": {
    "coding": [ {
      "system": "http://terminology.hl7.org/CodeSystem/subscriber-relationship",
      "code": "self",
      "display": "Self"
    } ]
  },
  "period": {
    "start": "2018-07-01"
  },
  "payor": [ {
    "reference": "#cms-org"
  } ],
  "class": [ {
    "type": {
      "coding": [ {
        "system": "http://terminology.hl7.org/CodeSystem/coverage-class",
        "code": "plan"
      } ]
    },
    "value": "Dual Medicare/Medicaid"
  } ]
}
]


gov.cms.bfd.server.ng.CoverageReadIT.coverageReadBeneWithAllCoverage[allCoveragepart-A]=[
{
  "resourceType": "Coverage",
  "id": "part-a-405764107",
  "meta": {
    "lastUpdated": "9999-12-31T00:00:00.000+00:00",
    "profile": [ "http://hl7.org/fhir/us/carin-bb/StructureDefinition/C4BB-Coverage|2.2.0", "http://hl7.org/fhir/us/core/StructureDefinition/us-core-coverage|7.0.0" ]
  },
  "contained": [ {
    "resourceType": "Organization",
    "id": "cms-org",
    "meta": {
      "profile": [ "http://hl7.org/fhir/us/carin-bb/StructureDefinition/C4BB-Organization|2.2.0" ]
    },
    "active": true,
    "name": "Centers for Medicare and Medicaid Services",
    "contact": [ {
      "purpose": {
        "coding": [ {
          "system": "http://terminology.hl7.org/CodeSystem/contactentity-type",
          "code": "PATINF",
          "display": "Patient"
        } ]
      },
      "telecom": [ {
        "system": "phone",
        "value": "1-800-633-4227"
      }, {
        "system": "phone",
        "value": "TTY: 1-877-486-2048"
      }, {
        "system": "url",
        "value": "www.medicare.gov"
      } ]
    } ]
  } ],
  "extension": [ {
    "url": "https://bluebutton.cms.gov/fhir/StructureDefinition/BENE-BUYIN-CD",
    "valueCoding": {
      "system": "https://bluebutton.cms.gov/fhir/CodeSystem/BENE-BUYIN-CD",
      "code": "E"
    }
  }, {
    "url": "https://bluebutton.cms.gov/fhir/StructureDefinition/BENE-ENRLMT-RSN-CD",
    "valueCoding": {
      "system": "https://bluebutton.cms.gov/fhir/CodeSystem/BENE-ENRLMT-RSN-CD",
      "code": "P"
    }
  }, {
    "url": "https://bluebutton.cms.gov/fhir/StructureDefinition/BENE-MDCR-ENTLMT-STUS-CD",
    "valueCoding": {
      "system": "https://bluebutton.cms.gov/fhir/CodeSystem/BENE-MDCR-ENTLMT-STUS-CD",
      "code": "Y"
    }
  }, {
    "url": "https://bluebutton.cms.gov/fhir/StructureDefinition/BENE-MDCR-STUS-CD",
    "valueCoding": {
      "system": "https://bluebutton.cms.gov/fhir/CodeSystem/BENE-MDCR-STUS-CD",
      "code": "21"
    }
  }, {
    "url": "https://bluebutton.cms.gov/fhir/StructureDefinition/BENE-ESRD-STUS-ID",
    "valueCoding": {
      "system": "https://bluebutton.cms.gov/fhir/CodeSystem/BENE-ESRD-STUS-ID",
      "code": "Y"
    }
  }, {
    "url": "https://bluebutton.cms.gov/fhir/StructureDefinition/BENE-DSBLD-STUS-ID",
    "valueCoding": {
      "system": "https://bluebutton.cms.gov/fhir/CodeSystem/BENE-DSBLD-STUS-ID",
      "code": "Y"
    }
  }, {
    "url": "https://bluebutton.cms.gov/fhir/StructureDefinition/BENE-MDCR-ENTLMT-RSN-CD",
    "valueCoding": {
      "system": "https://bluebutton.cms.gov/fhir/CodeSystem/BENE-MDCR-ENTLMT-RSN-CD",
      "code": "0"
    }
  } ],
  "identifier": [ {
    "type": {
      "coding": [ {
        "system": "http://terminology.hl7.org/CodeSystem/v2-0203",
        "code": "MB"
      } ]
    },
    "system": "http://hl7.org/fhir/sid/us-mbi",
    "value": "8Z73WV0QC20"
  } ],
  "status": "active",
  "type": {
    "coding": [ {
      "system": "https://nahdo.org/sopt",
      "code": "1",
      "display": "MEDICARE"
    } ]
  },
  "subscriberId": "8Z73WV0QC20",
  "beneficiary": {
    "reference": "Patient/405764107"
  },
  "relationship": {
    "coding": [ {
      "system": "http://terminology.hl7.org/CodeSystem/subscriber-relationship",
      "code": "self",
      "display": "Self"
    } ]
  },
  "period": {
    "start": "2021-01-01",
    "end": "2099-12-31"
  },
  "payor": [ {
    "reference": "#cms-org"
  } ],
  "class": [ {
    "type": {
      "coding": [ {
        "system": "http://terminology.hl7.org/CodeSystem/coverage-class",
        "code": "plan"
      } ]
    },
    "value": "Part A"
  } ]
}
]


gov.cms.bfd.server.ng.CoverageReadIT.coverageReadBeneWithAllCoverage[allCoveragepart-B]=[
{
  "resourceType": "Coverage",
  "id": "part-b-405764107",
  "meta": {
    "lastUpdated": "9999-12-31T00:00:00.000+00:00",
    "profile": [ "http://hl7.org/fhir/us/carin-bb/StructureDefinition/C4BB-Coverage|2.2.0", "http://hl7.org/fhir/us/core/StructureDefinition/us-core-coverage|7.0.0" ]
  },
  "contained": [ {
    "resourceType": "Organization",
    "id": "cms-org",
    "meta": {
      "profile": [ "http://hl7.org/fhir/us/carin-bb/StructureDefinition/C4BB-Organization|2.2.0" ]
    },
    "active": true,
    "name": "Centers for Medicare and Medicaid Services",
    "contact": [ {
      "purpose": {
        "coding": [ {
          "system": "http://terminology.hl7.org/CodeSystem/contactentity-type",
          "code": "PATINF",
          "display": "Patient"
        } ]
      },
      "telecom": [ {
        "system": "phone",
        "value": "1-800-633-4227"
      }, {
        "system": "phone",
        "value": "TTY: 1-877-486-2048"
      }, {
        "system": "url",
        "value": "www.medicare.gov"
      } ]
    } ]
  } ],
  "extension": [ {
    "url": "https://bluebutton.cms.gov/fhir/StructureDefinition/BENE-BUYIN-CD",
    "valueCoding": {
      "system": "https://bluebutton.cms.gov/fhir/CodeSystem/BENE-BUYIN-CD",
      "code": "E"
    }
  }, {
    "url": "https://bluebutton.cms.gov/fhir/StructureDefinition/BENE-ENRLMT-RSN-CD",
    "valueCoding": {
      "system": "https://bluebutton.cms.gov/fhir/CodeSystem/BENE-ENRLMT-RSN-CD",
      "code": "P"
    }
  }, {
    "url": "https://bluebutton.cms.gov/fhir/StructureDefinition/BENE-MDCR-ENTLMT-STUS-CD",
    "valueCoding": {
      "system": "https://bluebutton.cms.gov/fhir/CodeSystem/BENE-MDCR-ENTLMT-STUS-CD",
      "code": "Y"
    }
  }, {
    "url": "https://bluebutton.cms.gov/fhir/StructureDefinition/BENE-MDCR-STUS-CD",
    "valueCoding": {
      "system": "https://bluebutton.cms.gov/fhir/CodeSystem/BENE-MDCR-STUS-CD",
      "code": "21"
    }
  }, {
    "url": "https://bluebutton.cms.gov/fhir/StructureDefinition/BENE-ESRD-STUS-ID",
    "valueCoding": {
      "system": "https://bluebutton.cms.gov/fhir/CodeSystem/BENE-ESRD-STUS-ID",
      "code": "Y"
    }
  }, {
    "url": "https://bluebutton.cms.gov/fhir/StructureDefinition/BENE-DSBLD-STUS-ID",
    "valueCoding": {
      "system": "https://bluebutton.cms.gov/fhir/CodeSystem/BENE-DSBLD-STUS-ID",
      "code": "Y"
    }
  }, {
    "url": "https://bluebutton.cms.gov/fhir/StructureDefinition/BENE-MDCR-ENTLMT-RSN-CD",
    "valueCoding": {
      "system": "https://bluebutton.cms.gov/fhir/CodeSystem/BENE-MDCR-ENTLMT-RSN-CD",
      "code": "0"
    }
  } ],
  "identifier": [ {
    "type": {
      "coding": [ {
        "system": "http://terminology.hl7.org/CodeSystem/v2-0203",
        "code": "MB"
      } ]
    },
    "system": "http://hl7.org/fhir/sid/us-mbi",
    "value": "8Z73WV0QC20"
  } ],
  "status": "active",
  "type": {
    "coding": [ {
      "system": "https://nahdo.org/sopt",
      "code": "121",
      "display": "MEDICARE FFS"
    } ]
  },
  "subscriberId": "8Z73WV0QC20",
  "beneficiary": {
    "reference": "Patient/405764107"
  },
  "relationship": {
    "coding": [ {
      "system": "http://terminology.hl7.org/CodeSystem/subscriber-relationship",
      "code": "self",
      "display": "Self"
    } ]
  },
  "period": {
    "start": "2020-01-01",
    "end": "2099-12-31"
  },
  "payor": [ {
    "reference": "#cms-org"
  } ],
  "class": [ {
    "type": {
      "coding": [ {
        "system": "http://terminology.hl7.org/CodeSystem/coverage-class",
        "code": "plan"
      } ]
    },
    "value": "Part B"
  } ]
}
]


gov.cms.bfd.server.ng.CoverageReadIT.coverageReadBeneWithAllCoverage[allCoveragepart-C]=[
{
  "resourceType": "Coverage",
  "id": "part-c-405764107-H1234-003",
  "meta": {
    "lastUpdated": "9999-12-31T00:00:00.000+00:00",
    "profile": [ "http://hl7.org/fhir/us/carin-bb/StructureDefinition/C4BB-Coverage|2.2.0", "http://hl7.org/fhir/us/core/StructureDefinition/us-core-coverage|7.0.0" ]
  },
  "contained": [ {
    "resourceType": "Organization",
    "id": "insurer-org",
    "meta": {
      "profile": [ "http://hl7.org/fhir/us/carin-bb/StructureDefinition/C4BB-Organization|2.2.0" ]
    },
    "active": true,
    "name": "Silver Fox",
    "contact": [ {
      "purpose": {
        "coding": [ {
          "system": "http://terminology.hl7.org/CodeSystem/contactentity-type",
          "code": "PATINF",
          "display": "Patient"
        } ]
      },
      "telecom": [ {
        "system": "phone",
        "value": "632-609-6612 ext. 1"
      }, {
        "system": "phone",
        "value": "275-499-8586 ext. 3"
      } ]
    } ]
  } ],
  "extension": [ {
    "url": "https://bluebutton.cms.gov/fhir/StructureDefinition/BENE-CNTRCT-NUM",
    "valueString": "H1234"
  }, {
    "url": "https://bluebutton.cms.gov/fhir/StructureDefinition/BENE-PBP-NUM",
    "valueString": "003"
  }, {
    "url": "https://bluebutton.cms.gov/fhir/StructureDefinition/BENE-CVRG-TYPE-CD",
    "valueCoding": {
      "system": "https://bluebutton.cms.gov/fhir/CodeSystem/BENE-CVRG-TYPE-CD",
      "code": "11"
    }
  }, {
    "url": "https://bluebutton.cms.gov/fhir/StructureDefinition/BENE-ENRLMT-EMPLR-SBSDY-SW",
    "valueCoding": {
      "system": "https://bluebutton.cms.gov/fhir/CodeSystem/BENE-ENRLMT-EMPLR-SBSDY-SW",
      "code": "Y"
    }
  } ],
  "identifier": [ {
    "type": {
      "coding": [ {
        "system": "http://terminology.hl7.org/CodeSystem/v2-0203",
        "code": "MB"
      } ]
    },
    "system": "http://hl7.org/fhir/sid/us-mbi",
    "value": "8Z73WV0QC20"
  } ],
  "status": "active",
  "type": {
    "coding": [ {
      "system": "https://nahdo.org/sopt",
      "code": "11",
      "display": "MEDICARE MANAGED CARE (Includes Medicare Advantage Plans)"
    } ]
  },
  "subscriberId": "8Z73WV0QC20",
  "beneficiary": {
    "reference": "Patient/405764107"
  },
  "relationship": {
    "coding": [ {
      "system": "http://terminology.hl7.org/CodeSystem/subscriber-relationship",
      "code": "self",
      "display": "Self"
    } ]
  },
  "period": {
    "start": "2020-09-03"
  },
  "payor": [ {
    "reference": "#insurer-org"
  } ],
  "class": [ {
    "type": {
      "coding": [ {
        "system": "http://terminology.hl7.org/CodeSystem/coverage-class",
        "code": "plan"
      } ]
    },
    "value": "Part C"
  } ]
}
]


gov.cms.bfd.server.ng.CoverageReadIT.coverageReadBeneWithAllCoverage[allCoveragepart-D]=[
{
  "resourceType": "Coverage",
  "id": "part-d-405764107-H1234-003",
  "meta": {
    "lastUpdated": "9999-12-31T00:00:00.000+00:00",
    "profile": [ "http://hl7.org/fhir/us/carin-bb/StructureDefinition/C4BB-Coverage|2.2.0", "http://hl7.org/fhir/us/core/StructureDefinition/us-core-coverage|7.0.0" ]
  },
  "contained": [ {
    "resourceType": "Organization",
    "id": "insurer-org",
    "meta": {
      "profile": [ "http://hl7.org/fhir/us/carin-bb/StructureDefinition/C4BB-Organization|2.2.0" ]
    },
    "active": true,
    "name": "Silver Fox",
    "contact": [ {
      "purpose": {
        "coding": [ {
          "system": "http://terminology.hl7.org/CodeSystem/contactentity-type",
          "code": "PATINF",
          "display": "Patient"
        } ]
      },
      "telecom": [ {
        "system": "phone",
        "value": "632-609-6612 ext. 1"
      }, {
        "system": "phone",
        "value": "275-499-8586 ext. 3"
      } ]
    } ]
  } ],
  "extension": [ {
    "url": "https://bluebutton.cms.gov/fhir/StructureDefinition/BENE-CNTRCT-NUM",
    "valueString": "H1234"
  }, {
    "url": "https://bluebutton.cms.gov/fhir/StructureDefinition/BENE-PBP-NUM",
    "valueString": "003"
  }, {
    "url": "https://bluebutton.cms.gov/fhir/StructureDefinition/BENE-CVRG-TYPE-CD",
    "valueCoding": {
      "system": "https://bluebutton.cms.gov/fhir/CodeSystem/BENE-CVRG-TYPE-CD",
      "code": "11"
    }
  }, {
    "url": "https://bluebutton.cms.gov/fhir/StructureDefinition/BENE-ENRLMT-EMPLR-SBSDY-SW",
    "valueCoding": {
      "system": "https://bluebutton.cms.gov/fhir/CodeSystem/BENE-ENRLMT-EMPLR-SBSDY-SW",
      "code": "Y"
    }
  }, {
    "url": "https://bluebutton.cms.gov/fhir/StructureDefinition/BENE-CMBND-DEEMD-PRM-PCT",
    "valueDecimal": 25.0
  }, {
    "url": "https://bluebutton.cms.gov/fhir/StructureDefinition/BENE-CMBND-DEEMD-COPMT-LVL-ID",
    "valueCoding": {
      "system": "https://bluebutton.cms.gov/fhir/CodeSystem/BENE-CMBND-DEEMD-COPMT-LVL-ID",
      "code": "4"
    }
  }, {
    "url": "https://bluebutton.cms.gov/fhir/StructureDefinition/BENE-CMBND-DEEMD-IND",
    "valueString": "Y"
  } ],
  "identifier": [ {
    "type": {
      "coding": [ {
        "system": "http://terminology.hl7.org/CodeSystem/v2-0203",
        "code": "MB"
      } ]
    },
    "value": "194710044"
  } ],
  "status": "active",
  "type": {
    "coding": [ {
      "system": "https://nahdo.org/sopt",
      "code": "122",
      "display": "Medicare Drug Benefit"
    } ]
  },
  "subscriberId": "8Z73WV0QC20",
  "beneficiary": {
    "reference": "Patient/405764107"
  },
  "relationship": {
    "coding": [ {
      "system": "http://terminology.hl7.org/CodeSystem/subscriber-relationship",
      "code": "self",
      "display": "Self"
    } ]
  },
  "period": {
    "start": "2020-09-03"
  },
  "payor": [ {
    "reference": "#insurer-org"
  } ],
  "class": [ {
    "type": {
      "coding": [ {
        "system": "http://terminology.hl7.org/CodeSystem/coverage-class",
        "code": "plan"
      } ]
    },
    "value": "Part D"
  }, {
    "type": {
      "coding": [ {
        "system": "http://terminology.hl7.org/CodeSystem/coverage-class",
        "code": "rxid"
      } ]
    },
    "value": "194710044"
  }, {
    "type": {
      "coding": [ {
        "system": "http://terminology.hl7.org/CodeSystem/coverage-class",
        "code": "rxgroup"
      } ]
    },
    "value": "354"
  }, {
    "type": {
      "coding": [ {
        "system": "http://terminology.hl7.org/CodeSystem/coverage-class",
        "code": "rxpcn"
      } ]
    },
    "value": "609279"
  }, {
    "type": {
      "coding": [ {
        "system": "http://terminology.hl7.org/CodeSystem/coverage-class",
        "code": "rxbin"
      } ]
    },
    "value": "289653"
  } ]
}
]


gov.cms.bfd.server.ng.CoverageReadIT.coverageReadBeneWithNoCoverageReturnsEmpty[missingAlldual]=[
{
  "resourceType": "Coverage",
  "id": "dual-289169129"
}
]


gov.cms.bfd.server.ng.CoverageReadIT.coverageReadBeneWithNoCoverageReturnsEmpty[missingAllpart-A]=[
{
  "resourceType": "Coverage",
  "id": "part-a-289169129"
}
]


gov.cms.bfd.server.ng.CoverageReadIT.coverageReadBeneWithNoCoverageReturnsEmpty[missingAllpart-B]=[
{
  "resourceType": "Coverage",
  "id": "part-b-289169129"
}
]


gov.cms.bfd.server.ng.CoverageReadIT.coverageReadBeneWithNoCoverageReturnsEmpty[missingAllpart-C]=[
{
  "resourceType": "Coverage",
  "id": "part-c-289169129"
}
]


gov.cms.bfd.server.ng.CoverageReadIT.coverageReadBeneWithNoCoverageReturnsEmpty[missingAllpart-D]=[
{
  "resourceType": "Coverage",
  "id": "part-d-289169129"
}
]


gov.cms.bfd.server.ng.CoverageReadIT.coverageReadDualOnly=[
{
  "resourceType": "Coverage",
  "id": "dual-184043356",
  "meta": {
    "lastUpdated": "9999-12-31T00:00:00.000+00:00",
    "profile": [ "http://hl7.org/fhir/us/carin-bb/StructureDefinition/C4BB-Coverage|2.2.0", "http://hl7.org/fhir/us/core/StructureDefinition/us-core-coverage|7.0.0" ]
  },
  "contained": [ {
    "resourceType": "Organization",
    "id": "cms-org",
    "meta": {
      "profile": [ "http://hl7.org/fhir/us/carin-bb/StructureDefinition/C4BB-Organization|2.2.0" ]
    },
    "active": true,
    "name": "Centers for Medicare and Medicaid Services",
    "contact": [ {
      "purpose": {
        "coding": [ {
          "system": "http://terminology.hl7.org/CodeSystem/contactentity-type",
          "code": "PATINF",
          "display": "Patient"
        } ]
      },
      "telecom": [ {
        "system": "phone",
        "value": "1-800-633-4227"
      }, {
        "system": "phone",
        "value": "TTY: 1-877-486-2048"
      }, {
        "system": "url",
        "value": "www.medicare.gov"
      } ]
    } ]
  } ],
  "extension": [ {
    "url": "https://bluebutton.cms.gov/fhir/StructureDefinition/BENE-DUAL-STUS-CD",
    "valueCoding": {
      "system": "https://bluebutton.cms.gov/fhir/CodeSystem/BENE-DUAL-STUS-CD",
      "code": "XX"
    }
  }, {
    "url": "https://bluebutton.cms.gov/fhir/StructureDefinition/BENE-DUAL-TYPE-CD",
    "valueCoding": {
      "system": "https://bluebutton.cms.gov/fhir/CodeSystem/BENE-DUAL-TYPE-CD",
      "code": "U"
    }
  }, {
    "url": "https://bluebutton.cms.gov/fhir/StructureDefinition/MEDICAID-STATE-CD",
    "valueCoding": {
      "system": "https://www.usps.com",
      "code": "WI"
    }
  } ],
  "identifier": [ {
    "type": {
      "coding": [ {
        "system": "http://terminology.hl7.org/CodeSystem/v2-0203",
        "code": "MB"
      } ]
    },
    "system": "http://hl7.org/fhir/sid/us-mbi",
    "value": "1SJ2CG2UC85"
  } ],
  "status": "active",
  "type": {
    "coding": [ {
      "system": "https://nahdo.org/sopt",
      "code": "14",
      "display": "Dual Eligibility Medicare/Medicaid Organization"
    } ]
  },
  "subscriberId": "1SJ2CG2UC85",
  "beneficiary": {
    "reference": "Patient/184043356"
  },
  "relationship": {
    "coding": [ {
      "system": "http://terminology.hl7.org/CodeSystem/subscriber-relationship",
      "code": "self",
      "display": "Self"
    } ]
  },
  "period": {
    "start": "2020-04-01"
  },
  "payor": [ {
    "reference": "#cms-org"
  } ],
  "class": [ {
    "type": {
      "coding": [ {
        "system": "http://terminology.hl7.org/CodeSystem/coverage-class",
        "code": "plan"
      } ]
    },
    "value": "Dual Medicare/Medicaid"
  } ]
}
]


gov.cms.bfd.server.ng.CoverageReadIT.coverageReadDualOnlyExpired=[
{
  "resourceType": "Coverage",
  "id": "dual-184043357",
  "meta": {
    "lastUpdated": "9999-12-31T00:00:00.000+00:00",
    "profile": [ "http://hl7.org/fhir/us/carin-bb/StructureDefinition/C4BB-Coverage|2.2.0", "http://hl7.org/fhir/us/core/StructureDefinition/us-core-coverage|7.0.0" ]
  },
  "contained": [ {
    "resourceType": "Organization",
    "id": "cms-org",
    "meta": {
      "profile": [ "http://hl7.org/fhir/us/carin-bb/StructureDefinition/C4BB-Organization|2.2.0" ]
    },
    "active": true,
    "name": "Centers for Medicare and Medicaid Services",
    "contact": [ {
      "purpose": {
        "coding": [ {
          "system": "http://terminology.hl7.org/CodeSystem/contactentity-type",
          "code": "PATINF",
          "display": "Patient"
        } ]
      },
      "telecom": [ {
        "system": "phone",
        "value": "1-800-633-4227"
      }, {
        "system": "phone",
        "value": "TTY: 1-877-486-2048"
      }, {
        "system": "url",
        "value": "www.medicare.gov"
      } ]
    } ]
  } ],
  "extension": [ {
    "url": "https://bluebutton.cms.gov/fhir/StructureDefinition/BENE-DUAL-STUS-CD",
    "valueCoding": {
      "system": "https://bluebutton.cms.gov/fhir/CodeSystem/BENE-DUAL-STUS-CD",
      "code": "01"
    }
  }, {
    "url": "https://bluebutton.cms.gov/fhir/StructureDefinition/BENE-DUAL-TYPE-CD",
    "valueCoding": {
      "system": "https://bluebutton.cms.gov/fhir/CodeSystem/BENE-DUAL-TYPE-CD",
      "code": "U"
    }
  }, {
    "url": "https://bluebutton.cms.gov/fhir/StructureDefinition/MEDICAID-STATE-CD",
    "valueCoding": {
      "system": "https://www.usps.com",
      "code": "WI"
    }
  } ],
  "identifier": [ {
    "type": {
      "coding": [ {
        "system": "http://terminology.hl7.org/CodeSystem/v2-0203",
        "code": "MB"
      } ]
    },
    "system": "http://hl7.org/fhir/sid/us-mbi",
    "value": "1SJ2CG2UC86"
  } ],
  "status": "cancelled",
  "type": {
    "coding": [ {
      "system": "https://nahdo.org/sopt",
      "code": "14",
      "display": "Dual Eligibility Medicare/Medicaid Organization"
    } ]
  },
  "subscriberId": "1SJ2CG2UC86",
  "beneficiary": {
    "reference": "Patient/184043357"
  },
  "relationship": {
    "coding": [ {
      "system": "http://terminology.hl7.org/CodeSystem/subscriber-relationship",
      "code": "self",
      "display": "Self"
    } ]
  },
  "period": {
    "start": "2020-04-08",
    "end": "2022-12-31"
  },
  "payor": [ {
    "reference": "#cms-org"
  } ],
  "class": [ {
    "type": {
      "coding": [ {
        "system": "http://terminology.hl7.org/CodeSystem/coverage-class",
        "code": "plan"
      } ]
    },
    "value": "Dual Medicare/Medicaid"
  } ]
}
]


gov.cms.bfd.server.ng.CoverageReadIT.coverageReadForBeneWithMissingTpDataShouldStillReturnResource=[
{
  "resourceType": "Coverage",
  "id": "part-a-451482106",
  "meta": {
    "lastUpdated": "9999-12-31T00:00:00.000+00:00",
    "profile": [ "http://hl7.org/fhir/us/carin-bb/StructureDefinition/C4BB-Coverage|2.2.0", "http://hl7.org/fhir/us/core/StructureDefinition/us-core-coverage|7.0.0" ]
  },
  "contained": [ {
    "resourceType": "Organization",
    "id": "cms-org",
    "meta": {
      "profile": [ "http://hl7.org/fhir/us/carin-bb/StructureDefinition/C4BB-Organization|2.2.0" ]
    },
    "active": true,
    "name": "Centers for Medicare and Medicaid Services",
    "contact": [ {
      "purpose": {
        "coding": [ {
          "system": "http://terminology.hl7.org/CodeSystem/contactentity-type",
          "code": "PATINF",
          "display": "Patient"
        } ]
      },
      "telecom": [ {
        "system": "phone",
        "value": "1-800-633-4227"
      }, {
        "system": "phone",
        "value": "TTY: 1-877-486-2048"
      }, {
        "system": "url",
        "value": "www.medicare.gov"
      } ]
    } ]
  } ],
  "extension": [ {
    "url": "https://bluebutton.cms.gov/fhir/StructureDefinition/BENE-ENRLMT-RSN-CD",
    "valueCoding": {
      "system": "https://bluebutton.cms.gov/fhir/CodeSystem/BENE-ENRLMT-RSN-CD",
      "code": "P"
    }
  }, {
    "url": "https://bluebutton.cms.gov/fhir/StructureDefinition/BENE-MDCR-ENTLMT-STUS-CD",
    "valueCoding": {
      "system": "https://bluebutton.cms.gov/fhir/CodeSystem/BENE-MDCR-ENTLMT-STUS-CD",
      "code": "Y"
    }
  }, {
    "url": "https://bluebutton.cms.gov/fhir/StructureDefinition/BENE-MDCR-STUS-CD",
    "valueCoding": {
      "system": "https://bluebutton.cms.gov/fhir/CodeSystem/BENE-MDCR-STUS-CD",
      "code": "21"
    }
  }, {
    "url": "https://bluebutton.cms.gov/fhir/StructureDefinition/BENE-ESRD-STUS-ID",
    "valueCoding": {
      "system": "https://bluebutton.cms.gov/fhir/CodeSystem/BENE-ESRD-STUS-ID",
      "code": "Y"
    }
  }, {
    "url": "https://bluebutton.cms.gov/fhir/StructureDefinition/BENE-DSBLD-STUS-ID",
    "valueCoding": {
      "system": "https://bluebutton.cms.gov/fhir/CodeSystem/BENE-DSBLD-STUS-ID",
      "code": "Y"
    }
  }, {
    "url": "https://bluebutton.cms.gov/fhir/StructureDefinition/BENE-MDCR-ENTLMT-RSN-CD",
    "valueCoding": {
      "system": "https://bluebutton.cms.gov/fhir/CodeSystem/BENE-MDCR-ENTLMT-RSN-CD",
      "code": "0"
    }
  } ],
  "identifier": [ {
    "type": {
      "coding": [ {
        "system": "http://terminology.hl7.org/CodeSystem/v2-0203",
        "code": "MB"
      } ]
    },
    "system": "http://hl7.org/fhir/sid/us-mbi",
    "value": "7LG8FN9CN12"
  } ],
  "status": "active",
  "type": {
    "coding": [ {
      "system": "https://nahdo.org/sopt",
      "code": "1",
      "display": "MEDICARE"
    } ]
  },
  "subscriberId": "7LG8FN9CN12",
  "beneficiary": {
    "reference": "Patient/451482106"
  },
  "relationship": {
    "coding": [ {
      "system": "http://terminology.hl7.org/CodeSystem/subscriber-relationship",
      "code": "self",
      "display": "Self"
    } ]
  },
  "period": {
    "start": "2024-01-01",
    "end": "2099-12-31"
  },
  "payor": [ {
    "reference": "#cms-org"
  } ],
  "class": [ {
    "type": {
      "coding": [ {
        "system": "http://terminology.hl7.org/CodeSystem/coverage-class",
        "code": "plan"
      } ]
    },
    "value": "Part A"
  } ]
}
]


gov.cms.bfd.server.ng.CoverageReadIT.coverageReadForBeneWithOnlyFutureEntitlementPeriodsShouldBeEmpty=[
{
  "resourceType": "Coverage",
  "id": "part-b-971050241"
}
]


gov.cms.bfd.server.ng.CoverageReadIT.coverageReadForBeneWithOnlyPastEntitlementPeriodsShouldBeCancelled=[
{
  "resourceType": "Coverage",
  "id": "part-b-421056595",
  "meta": {
    "lastUpdated": "9999-12-31T00:00:00.000+00:00",
    "profile": [ "http://hl7.org/fhir/us/carin-bb/StructureDefinition/C4BB-Coverage|2.2.0", "http://hl7.org/fhir/us/core/StructureDefinition/us-core-coverage|7.0.0" ]
  },
  "contained": [ {
    "resourceType": "Organization",
    "id": "cms-org",
    "meta": {
      "profile": [ "http://hl7.org/fhir/us/carin-bb/StructureDefinition/C4BB-Organization|2.2.0" ]
    },
    "active": true,
    "name": "Centers for Medicare and Medicaid Services",
    "contact": [ {
      "purpose": {
        "coding": [ {
          "system": "http://terminology.hl7.org/CodeSystem/contactentity-type",
          "code": "PATINF",
          "display": "Patient"
        } ]
      },
      "telecom": [ {
        "system": "phone",
        "value": "1-800-633-4227"
      }, {
        "system": "phone",
        "value": "TTY: 1-877-486-2048"
      }, {
        "system": "url",
        "value": "www.medicare.gov"
      } ]
    } ]
  } ],
  "extension": [ {
    "url": "https://bluebutton.cms.gov/fhir/StructureDefinition/BENE-BUYIN-CD",
    "valueCoding": {
      "system": "https://bluebutton.cms.gov/fhir/CodeSystem/BENE-BUYIN-CD",
      "code": "H"
    }
  }, {
    "url": "https://bluebutton.cms.gov/fhir/StructureDefinition/BENE-ENRLMT-RSN-CD",
    "valueCoding": {
      "system": "https://bluebutton.cms.gov/fhir/CodeSystem/BENE-ENRLMT-RSN-CD",
      "code": "B"
    }
  }, {
    "url": "https://bluebutton.cms.gov/fhir/StructureDefinition/BENE-MDCR-ENTLMT-STUS-CD",
    "valueCoding": {
      "system": "https://bluebutton.cms.gov/fhir/CodeSystem/BENE-MDCR-ENTLMT-STUS-CD",
      "code": "Y"
    }
  }, {
    "url": "https://bluebutton.cms.gov/fhir/StructureDefinition/BENE-MDCR-STUS-CD",
    "valueCoding": {
      "system": "https://bluebutton.cms.gov/fhir/CodeSystem/BENE-MDCR-STUS-CD",
      "code": "21"
    }
  }, {
    "url": "https://bluebutton.cms.gov/fhir/StructureDefinition/BENE-ESRD-STUS-ID",
    "valueCoding": {
      "system": "https://bluebutton.cms.gov/fhir/CodeSystem/BENE-ESRD-STUS-ID",
      "code": "Y"
    }
  }, {
    "url": "https://bluebutton.cms.gov/fhir/StructureDefinition/BENE-DSBLD-STUS-ID",
    "valueCoding": {
      "system": "https://bluebutton.cms.gov/fhir/CodeSystem/BENE-DSBLD-STUS-ID",
      "code": "Y"
    }
  }, {
    "url": "https://bluebutton.cms.gov/fhir/StructureDefinition/BENE-MDCR-ENTLMT-RSN-CD",
    "valueCoding": {
      "system": "https://bluebutton.cms.gov/fhir/CodeSystem/BENE-MDCR-ENTLMT-RSN-CD",
      "code": "0"
    }
  } ],
  "identifier": [ {
    "type": {
      "coding": [ {
        "system": "http://terminology.hl7.org/CodeSystem/v2-0203",
        "code": "MB"
      } ]
    },
    "system": "http://hl7.org/fhir/sid/us-mbi",
    "value": "6ON6NC8FE68"
  } ],
  "status": "cancelled",
  "type": {
    "coding": [ {
      "system": "https://nahdo.org/sopt",
      "code": "121",
      "display": "MEDICARE FFS"
    } ]
  },
  "subscriberId": "6ON6NC8FE68",
  "beneficiary": {
    "reference": "Patient/421056595"
  },
  "relationship": {
    "coding": [ {
      "system": "http://terminology.hl7.org/CodeSystem/subscriber-relationship",
      "code": "self",
      "display": "Self"
    } ]
  },
  "period": {
    "start": "2022-10-12",
    "end": "2024-12-31"
  },
  "payor": [ {
    "reference": "#cms-org"
  } ],
  "class": [ {
    "type": {
      "coding": [ {
        "system": "http://terminology.hl7.org/CodeSystem/coverage-class",
        "code": "plan"
      } ]
    },
    "value": "Part B"
  } ]
}
]


gov.cms.bfd.server.ng.CoverageReadIT.coverageReadPartCAndDOnly=[
{
  "resourceType": "Coverage",
  "id": "part-c-353816020-H1234-003",
  "meta": {
    "lastUpdated": "9999-12-31T00:00:00.000+00:00",
    "profile": [ "http://hl7.org/fhir/us/carin-bb/StructureDefinition/C4BB-Coverage|2.2.0", "http://hl7.org/fhir/us/core/StructureDefinition/us-core-coverage|7.0.0" ]
  },
  "contained": [ {
    "resourceType": "Organization",
    "id": "insurer-org",
    "meta": {
      "profile": [ "http://hl7.org/fhir/us/carin-bb/StructureDefinition/C4BB-Organization|2.2.0" ]
    },
    "active": true,
    "name": "Silver Fox",
    "contact": [ {
      "purpose": {
        "coding": [ {
          "system": "http://terminology.hl7.org/CodeSystem/contactentity-type",
          "code": "PATINF",
          "display": "Patient"
        } ]
      },
      "telecom": [ {
        "system": "phone",
        "value": "632-609-6612 ext. 1"
      }, {
        "system": "phone",
        "value": "275-499-8586 ext. 3"
      } ]
    } ]
  } ],
  "extension": [ {
    "url": "https://bluebutton.cms.gov/fhir/StructureDefinition/BENE-CNTRCT-NUM",
    "valueString": "H1234"
  }, {
    "url": "https://bluebutton.cms.gov/fhir/StructureDefinition/BENE-PBP-NUM",
    "valueString": "003"
  }, {
    "url": "https://bluebutton.cms.gov/fhir/StructureDefinition/BENE-CVRG-TYPE-CD",
    "valueCoding": {
      "system": "https://bluebutton.cms.gov/fhir/CodeSystem/BENE-CVRG-TYPE-CD",
      "code": "11"
    }
  }, {
    "url": "https://bluebutton.cms.gov/fhir/StructureDefinition/BENE-ENRLMT-EMPLR-SBSDY-SW",
    "valueCoding": {
      "system": "https://bluebutton.cms.gov/fhir/CodeSystem/BENE-ENRLMT-EMPLR-SBSDY-SW",
      "code": "Y"
    }
  } ],
  "identifier": [ {
    "type": {
      "coding": [ {
        "system": "http://terminology.hl7.org/CodeSystem/v2-0203",
        "code": "MB"
      } ]
    },
    "system": "http://hl7.org/fhir/sid/us-mbi",
    "value": "2BX5YT4FD58"
  } ],
  "status": "active",
  "type": {
    "coding": [ {
      "system": "https://nahdo.org/sopt",
      "code": "11",
      "display": "MEDICARE MANAGED CARE (Includes Medicare Advantage Plans)"
    } ]
  },
  "subscriberId": "2BX5YT4FD58",
  "beneficiary": {
    "reference": "Patient/353816020"
  },
  "relationship": {
    "coding": [ {
      "system": "http://terminology.hl7.org/CodeSystem/subscriber-relationship",
      "code": "self",
      "display": "Self"
    } ]
  },
  "period": {
    "start": "2020-09-03"
  },
  "payor": [ {
    "reference": "#insurer-org"
  } ],
  "class": [ {
    "type": {
      "coding": [ {
        "system": "http://terminology.hl7.org/CodeSystem/coverage-class",
        "code": "plan"
      } ]
    },
    "value": "Part C"
  } ]
}
]


gov.cms.bfd.server.ng.CoverageReadIT.coverageReadValidPartACompositeId[missingPartB]=[
{
  "resourceType": "Coverage",
  "id": "part-b-178083966"
}
]


gov.cms.bfd.server.ng.CoverageReadIT.coverageReadValidPartACompositeId[validPartA]=[
{
  "resourceType": "Coverage",
  "id": "part-a-178083966",
  "meta": {
    "lastUpdated": "9999-12-31T00:00:00.000+00:00",
    "profile": [ "http://hl7.org/fhir/us/carin-bb/StructureDefinition/C4BB-Coverage|2.2.0", "http://hl7.org/fhir/us/core/StructureDefinition/us-core-coverage|7.0.0" ]
  },
  "contained": [ {
    "resourceType": "Organization",
    "id": "cms-org",
    "meta": {
      "profile": [ "http://hl7.org/fhir/us/carin-bb/StructureDefinition/C4BB-Organization|2.2.0" ]
    },
    "active": true,
    "name": "Centers for Medicare and Medicaid Services",
    "contact": [ {
      "purpose": {
        "coding": [ {
          "system": "http://terminology.hl7.org/CodeSystem/contactentity-type",
          "code": "PATINF",
          "display": "Patient"
        } ]
      },
      "telecom": [ {
        "system": "phone",
        "value": "1-800-633-4227"
      }, {
        "system": "phone",
        "value": "TTY: 1-877-486-2048"
      }, {
        "system": "url",
        "value": "www.medicare.gov"
      } ]
    } ]
  } ],
  "extension": [ {
    "url": "https://bluebutton.cms.gov/fhir/StructureDefinition/BENE-BUYIN-CD",
    "valueCoding": {
      "system": "https://bluebutton.cms.gov/fhir/CodeSystem/BENE-BUYIN-CD",
      "code": "E"
    }
  }, {
    "url": "https://bluebutton.cms.gov/fhir/StructureDefinition/BENE-ENRLMT-RSN-CD",
    "valueCoding": {
      "system": "https://bluebutton.cms.gov/fhir/CodeSystem/BENE-ENRLMT-RSN-CD",
      "code": "P"
    }
  }, {
    "url": "https://bluebutton.cms.gov/fhir/StructureDefinition/BENE-MDCR-ENTLMT-STUS-CD",
    "valueCoding": {
      "system": "https://bluebutton.cms.gov/fhir/CodeSystem/BENE-MDCR-ENTLMT-STUS-CD",
      "code": "Y"
    }
  }, {
    "url": "https://bluebutton.cms.gov/fhir/StructureDefinition/BENE-MDCR-STUS-CD",
    "valueCoding": {
      "system": "https://bluebutton.cms.gov/fhir/CodeSystem/BENE-MDCR-STUS-CD",
      "code": "21"
    }
  }, {
    "url": "https://bluebutton.cms.gov/fhir/StructureDefinition/BENE-ESRD-STUS-ID",
    "valueCoding": {
      "system": "https://bluebutton.cms.gov/fhir/CodeSystem/BENE-ESRD-STUS-ID",
      "code": "Y"
    }
  }, {
    "url": "https://bluebutton.cms.gov/fhir/StructureDefinition/BENE-DSBLD-STUS-ID",
    "valueCoding": {
      "system": "https://bluebutton.cms.gov/fhir/CodeSystem/BENE-DSBLD-STUS-ID",
      "code": "Y"
    }
  }, {
    "url": "https://bluebutton.cms.gov/fhir/StructureDefinition/BENE-MDCR-ENTLMT-RSN-CD",
    "valueCoding": {
      "system": "https://bluebutton.cms.gov/fhir/CodeSystem/BENE-MDCR-ENTLMT-RSN-CD",
      "code": "0"
    }
  } ],
  "identifier": [ {
    "type": {
      "coding": [ {
        "system": "http://terminology.hl7.org/CodeSystem/v2-0203",
        "code": "MB"
      } ]
    },
    "system": "http://hl7.org/fhir/sid/us-mbi",
    "value": "9OJ2CG2UC85"
  } ],
  "status": "active",
  "type": {
    "coding": [ {
      "system": "https://nahdo.org/sopt",
      "code": "1",
      "display": "MEDICARE"
    } ]
  },
  "subscriberId": "9OJ2CG2UC85",
  "beneficiary": {
    "reference": "Patient/178083966"
  },
  "relationship": {
    "coding": [ {
      "system": "http://terminology.hl7.org/CodeSystem/subscriber-relationship",
      "code": "self",
      "display": "Self"
    } ]
  },
  "period": {
    "start": "2024-01-01",
    "end": "2099-12-31"
  },
  "payor": [ {
    "reference": "#cms-org"
  } ],
  "class": [ {
    "type": {
      "coding": [ {
        "system": "http://terminology.hl7.org/CodeSystem/coverage-class",
        "code": "plan"
      } ]
    },
    "value": "Part A"
  } ]
}
]


gov.cms.bfd.server.ng.CoverageReadIT.coverageReadValidPartBCompositeId[missingPartA]=[
{
  "resourceType": "Coverage",
  "id": "part-a-365359727"
}
]


gov.cms.bfd.server.ng.CoverageReadIT.coverageReadValidPartBCompositeId[validPartB]=[
{
  "resourceType": "Coverage",
  "id": "part-b-365359727",
  "meta": {
    "lastUpdated": "9999-12-31T00:00:00.000+00:00",
    "profile": [ "http://hl7.org/fhir/us/carin-bb/StructureDefinition/C4BB-Coverage|2.2.0", "http://hl7.org/fhir/us/core/StructureDefinition/us-core-coverage|7.0.0" ]
  },
  "contained": [ {
    "resourceType": "Organization",
    "id": "cms-org",
    "meta": {
      "profile": [ "http://hl7.org/fhir/us/carin-bb/StructureDefinition/C4BB-Organization|2.2.0" ]
    },
    "active": true,
    "name": "Centers for Medicare and Medicaid Services",
    "contact": [ {
      "purpose": {
        "coding": [ {
          "system": "http://terminology.hl7.org/CodeSystem/contactentity-type",
          "code": "PATINF",
          "display": "Patient"
        } ]
      },
      "telecom": [ {
        "system": "phone",
        "value": "1-800-633-4227"
      }, {
        "system": "phone",
        "value": "TTY: 1-877-486-2048"
      }, {
        "system": "url",
        "value": "www.medicare.gov"
      } ]
    } ]
  } ],
  "extension": [ {
    "url": "https://bluebutton.cms.gov/fhir/StructureDefinition/BENE-BUYIN-CD",
    "valueCoding": {
      "system": "https://bluebutton.cms.gov/fhir/CodeSystem/BENE-BUYIN-CD",
      "code": "E"
    }
  }, {
    "url": "https://bluebutton.cms.gov/fhir/StructureDefinition/BENE-ENRLMT-RSN-CD",
    "valueCoding": {
      "system": "https://bluebutton.cms.gov/fhir/CodeSystem/BENE-ENRLMT-RSN-CD",
      "code": "P"
    }
  }, {
    "url": "https://bluebutton.cms.gov/fhir/StructureDefinition/BENE-MDCR-ENTLMT-STUS-CD",
    "valueCoding": {
      "system": "https://bluebutton.cms.gov/fhir/CodeSystem/BENE-MDCR-ENTLMT-STUS-CD",
      "code": "Y"
    }
  }, {
    "url": "https://bluebutton.cms.gov/fhir/StructureDefinition/BENE-MDCR-STUS-CD",
    "valueCoding": {
      "system": "https://bluebutton.cms.gov/fhir/CodeSystem/BENE-MDCR-STUS-CD",
      "code": "21"
    }
  }, {
    "url": "https://bluebutton.cms.gov/fhir/StructureDefinition/BENE-ESRD-STUS-ID",
    "valueCoding": {
      "system": "https://bluebutton.cms.gov/fhir/CodeSystem/BENE-ESRD-STUS-ID",
      "code": "Y"
    }
  }, {
    "url": "https://bluebutton.cms.gov/fhir/StructureDefinition/BENE-DSBLD-STUS-ID",
    "valueCoding": {
      "system": "https://bluebutton.cms.gov/fhir/CodeSystem/BENE-DSBLD-STUS-ID",
      "code": "Y"
    }
  }, {
    "url": "https://bluebutton.cms.gov/fhir/StructureDefinition/BENE-MDCR-ENTLMT-RSN-CD",
    "valueCoding": {
      "system": "https://bluebutton.cms.gov/fhir/CodeSystem/BENE-MDCR-ENTLMT-RSN-CD",
      "code": "0"
    }
  } ],
  "identifier": [ {
    "type": {
      "coding": [ {
        "system": "http://terminology.hl7.org/CodeSystem/v2-0203",
        "code": "MB"
      } ]
    },
    "system": "http://hl7.org/fhir/sid/us-mbi",
    "value": "1L26RW8YW56"
  } ],
  "status": "active",
  "type": {
    "coding": [ {
      "system": "https://nahdo.org/sopt",
      "code": "121",
      "display": "MEDICARE FFS"
    } ]
  },
  "subscriberId": "1L26RW8YW56",
  "beneficiary": {
    "reference": "Patient/365359727"
  },
  "relationship": {
    "coding": [ {
      "system": "http://terminology.hl7.org/CodeSystem/subscriber-relationship",
      "code": "self",
      "display": "Self"
    } ]
  },
  "period": {
    "start": "2024-01-01",
    "end": "2099-12-31"
  },
  "payor": [ {
    "reference": "#cms-org"
  } ],
  "class": [ {
    "type": {
      "coding": [ {
        "system": "http://terminology.hl7.org/CodeSystem/coverage-class",
        "code": "plan"
      } ]
    },
    "value": "Part B"
  } ]
}
]


gov.cms.bfd.server.ng.CoverageReadIT.coverageReadValidPartCCompositeId[validPartC]=[
{
  "resourceType": "Coverage",
  "id": "part-c-441149422-G1234-002",
  "meta": {
    "lastUpdated": "9999-12-31T00:00:00.000+00:00",
    "profile": [ "http://hl7.org/fhir/us/carin-bb/StructureDefinition/C4BB-Coverage|2.2.0", "http://hl7.org/fhir/us/core/StructureDefinition/us-core-coverage|7.0.0" ]
  },
  "contained": [ {
    "resourceType": "Organization",
    "id": "insurer-org",
    "meta": {
      "profile": [ "http://hl7.org/fhir/us/carin-bb/StructureDefinition/C4BB-Organization|2.2.0" ]
    },
    "active": true,
    "name": "Wellness",
    "contact": [ {
      "purpose": {
        "coding": [ {
          "system": "http://terminology.hl7.org/CodeSystem/contactentity-type",
          "code": "PATINF",
          "display": "Patient"
        } ]
      },
      "telecom": [ {
        "system": "phone",
        "value": "182-108-5917 ext. 88"
      } ]
    } ]
  } ],
  "extension": [ {
    "url": "https://bluebutton.cms.gov/fhir/StructureDefinition/BENE-CNTRCT-NUM",
    "valueString": "G1234"
  }, {
    "url": "https://bluebutton.cms.gov/fhir/StructureDefinition/BENE-PBP-NUM",
    "valueString": "002"
  }, {
    "url": "https://bluebutton.cms.gov/fhir/StructureDefinition/BENE-CVRG-TYPE-CD",
    "valueCoding": {
      "system": "https://bluebutton.cms.gov/fhir/CodeSystem/BENE-CVRG-TYPE-CD",
      "code": "3"
    }
  } ],
  "identifier": [ {
    "type": {
      "coding": [ {
        "system": "http://terminology.hl7.org/CodeSystem/v2-0203",
        "code": "MB"
      } ]
    },
    "system": "http://hl7.org/fhir/sid/us-mbi",
    "value": "1OX4Y88RV68"
  } ],
  "status": "active",
  "type": {
    "coding": [ {
      "system": "https://nahdo.org/sopt",
      "code": "11",
      "display": "MEDICARE MANAGED CARE (Includes Medicare Advantage Plans)"
    } ]
  },
  "subscriberId": "1OX4Y88RV68",
  "beneficiary": {
    "reference": "Patient/441149422"
  },
  "relationship": {
    "coding": [ {
      "system": "http://terminology.hl7.org/CodeSystem/subscriber-relationship",
      "code": "self",
      "display": "Self"
    } ]
  },
  "period": {
    "start": "2018-02-04"
  },
  "payor": [ {
    "reference": "#insurer-org"
  } ],
  "class": [ {
    "type": {
      "coding": [ {
        "system": "http://terminology.hl7.org/CodeSystem/coverage-class",
        "code": "plan"
      } ]
    },
    "value": "Part C"
  } ]
}
]


gov.cms.bfd.server.ng.CoverageReadIT.coverageReadValidPartDCompositeId[validPartD]=[
{
  "resourceType": "Coverage",
  "id": "part-d-547437476-S0001-003",
  "meta": {
    "lastUpdated": "9999-12-31T00:00:00.000+00:00",
    "profile": [ "http://hl7.org/fhir/us/carin-bb/StructureDefinition/C4BB-Coverage|2.2.0", "http://hl7.org/fhir/us/core/StructureDefinition/us-core-coverage|7.0.0" ]
  },
  "contained": [ {
    "resourceType": "Organization",
    "id": "insurer-org",
    "meta": {
      "profile": [ "http://hl7.org/fhir/us/carin-bb/StructureDefinition/C4BB-Organization|2.2.0" ]
    },
    "active": true,
    "name": "Vitality Plan",
    "contact": [ {
      "purpose": {
        "coding": [ {
          "system": "http://terminology.hl7.org/CodeSystem/contactentity-type",
          "code": "PATINF",
          "display": "Patient"
        } ]
      },
      "telecom": [ {
        "system": "phone",
        "value": "080-751-7370 ext. 70"
      }, {
        "system": "phone",
        "value": "080-751-7370 ext. 70"
      } ]
    } ]
  } ],
  "extension": [ {
    "url": "https://bluebutton.cms.gov/fhir/StructureDefinition/BENE-CNTRCT-NUM",
    "valueString": "S0001"
  }, {
    "url": "https://bluebutton.cms.gov/fhir/StructureDefinition/BENE-PBP-NUM",
    "valueString": "003"
  }, {
    "url": "https://bluebutton.cms.gov/fhir/StructureDefinition/BENE-CVRG-TYPE-CD",
    "valueCoding": {
      "system": "https://bluebutton.cms.gov/fhir/CodeSystem/BENE-CVRG-TYPE-CD",
      "code": "11"
    }
  }, {
    "url": "https://bluebutton.cms.gov/fhir/StructureDefinition/BENE-ENRLMT-EMPLR-SBSDY-SW",
    "valueCoding": {
      "system": "https://bluebutton.cms.gov/fhir/CodeSystem/BENE-ENRLMT-EMPLR-SBSDY-SW",
      "code": "1"
    }
  }, {
    "url": "https://bluebutton.cms.gov/fhir/StructureDefinition/BENE-CMBND-DEEMD-PRM-PCT",
    "valueDecimal": 25.0
  }, {
    "url": "https://bluebutton.cms.gov/fhir/StructureDefinition/BENE-CMBND-DEEMD-COPMT-LVL-ID",
    "valueCoding": {
      "system": "https://bluebutton.cms.gov/fhir/CodeSystem/BENE-CMBND-DEEMD-COPMT-LVL-ID",
      "code": "4"
    }
  }, {
    "url": "https://bluebutton.cms.gov/fhir/StructureDefinition/BENE-CMBND-DEEMD-IND",
    "valueString": "Y"
  } ],
  "identifier": [ {
    "type": {
      "coding": [ {
        "system": "http://terminology.hl7.org/CodeSystem/v2-0203",
        "code": "MB"
      } ]
    },
    "value": "324513064"
  } ],
  "status": "active",
  "type": {
    "coding": [ {
      "system": "https://nahdo.org/sopt",
      "code": "122",
      "display": "Medicare Drug Benefit"
    } ]
  },
  "subscriberId": "4IX2V57GT15",
  "beneficiary": {
    "reference": "Patient/547437476"
  },
  "relationship": {
    "coding": [ {
      "system": "http://terminology.hl7.org/CodeSystem/subscriber-relationship",
      "code": "self",
      "display": "Self"
    } ]
  },
  "period": {
    "start": "2019-02-18"
  },
  "payor": [ {
    "reference": "#insurer-org"
  } ],
  "class": [ {
    "type": {
      "coding": [ {
        "system": "http://terminology.hl7.org/CodeSystem/coverage-class",
        "code": "plan"
      } ]
    },
    "value": "Part D"
  }, {
    "type": {
      "coding": [ {
        "system": "http://terminology.hl7.org/CodeSystem/coverage-class",
        "code": "rxid"
      } ]
    },
    "value": "324513064"
  }, {
    "type": {
      "coding": [ {
        "system": "http://terminology.hl7.org/CodeSystem/coverage-class",
        "code": "rxgroup"
      } ]
    },
    "value": "999"
  }, {
    "type": {
      "coding": [ {
        "system": "http://terminology.hl7.org/CodeSystem/coverage-class",
        "code": "rxpcn"
      } ]
    },
    "value": "338747"
  }, {
    "type": {
      "coding": [ {
        "system": "http://terminology.hl7.org/CodeSystem/coverage-class",
        "code": "rxbin"
      } ]
    },
    "value": "222720"
  } ]
}
]