gov.cms.bfd.server.ng.PatientReadIT.patientReadMergedBene=[
{
  "resourceType": "Patient",
  "id": "848484848",
  "link": [ {
    "other": {
      "reference": "Patient/517782585",
      "display": "517782585"
    },
    "type": "replaced-by"
  } ]
}
]


gov.cms.bfd.server.ng.PatientReadIT.patientReadUnMergedWithHistoricBenes=[
{
  "resourceType": "Patient",
  "id": "517782585",
  "meta": {
    "lastUpdated": "9999-12-31T00:00:00.000+00:00",
    "profile": [ "http://hl7.org/fhir/us/carin-bb/StructureDefinition/C4BB-Patient|2.2.0", "http://hl7.org/fhir/us/core/StructureDefinition/us-core-patient|7.0.0" ]
  },
  "extension": [ {
    "url": "http://hl7.org/fhir/us/core/StructureDefinition/us-core-sex",
    "valueCode": "248153007"
  }, {
    "url": "http://hl7.org/fhir/us/core/StructureDefinition/us-core-race",
    "extension": [ {
      "url": "ombCategory",
      "valueCoding": {
        "system": "urn:oid:2.16.840.1.113883.6.238",
        "code": "2028-9",
        "display": "Asian"
      }
    }, {
      "url": "text",
      "valueString": "Asian"
    } ]
  } ],
  "identifier": [ {
    "type": {
      "coding": [ {
        "system": "http://terminology.hl7.org/CodeSystem/v2-0203",
        "code": "MB"
      } ]
    },
    "system": "http://hl7.org/fhir/sid/us-mbi",
    "value": "2B19C89AA36",
    "period": {
      "start": "2020-04-21T00:00:00+00:00",
      "end": "2024-12-31T00:00:00+00:00"
    }
  }, {
    "type": {
      "coding": [ {
        "system": "http://terminology.hl7.org/CodeSystem/v2-0203",
        "code": "MB"
      } ]
    },
    "system": "http://hl7.org/fhir/sid/us-mbi",
    "value": "2B19C89AA35",
    "period": {
      "start": "2020-04-21T00:00:00+00:00"
    }
  } ],
  "name": [ {
    "family": "Heeler",
    "given": [ "Alex", "Joey" ]
  } ],
  "gender": "male",
  "birthDate": "1959-03-14",
  "address": [ {
    "state": "ND",
    "postalCode": "58054"
  } ],
  "communication": [ {
    "language": {
      "coding": [ {
        "system": "urn:ietf:bcp:47",
        "code": "unknown"
      } ]
    }
  } ],
  "link": [ {
    "other": {
      "reference": "Patient/121212121",
      "display": "121212121"
    },
    "type": "replaces"
  }, {
    "other": {
      "reference": "Patient/848484848",
      "display": "848484848"
    },
    "type": "replaces"
  } ]
}
]


gov.cms.bfd.server.ng.PatientReadIT.patientReadUnMergedWithHistoricKillCredit=[
{
  "resourceType": "Patient",
  "id": "232323232",
  "meta": {
    "lastUpdated": "9999-12-31T00:00:00.000+00:00",
    "profile": [ "http://hl7.org/fhir/us/carin-bb/StructureDefinition/C4BB-Patient|2.2.0", "http://hl7.org/fhir/us/core/StructureDefinition/us-core-patient|7.0.0" ]
  },
  "extension": [ {
    "url": "http://hl7.org/fhir/us/core/StructureDefinition/us-core-sex",
    "valueCode": "248153007"
  }, {
    "url": "http://hl7.org/fhir/us/core/StructureDefinition/us-core-race",
    "extension": [ {
      "url": "ombCategory",
      "valueCoding": {
        "system": "urn:oid:2.16.840.1.113883.6.238",
        "code": "2028-9",
        "display": "Asian"
      }
    }, {
      "url": "text",
      "valueString": "Asian"
    } ]
  } ],
  "identifier": [ {
    "type": {
      "coding": [ {
        "system": "http://terminology.hl7.org/CodeSystem/v2-0203",
        "code": "MB"
      } ]
    },
    "system": "http://hl7.org/fhir/sid/us-mbi",
    "value": "2B19C89AA37",
    "period": {
      "start": "2020-04-21T00:00:00+00:00"
    }
  } ],
  "name": [ {
    "family": "Heeler",
    "given": [ "Alex", "Joey" ]
  } ],
  "gender": "male",
  "birthDate": "1959-03-14",
  "address": [ {
    "state": "ND",
    "postalCode": "58054"
  } ],
  "communication": [ {
    "language": {
      "coding": [ {
        "system": "urn:ietf:bcp:47",
        "code": "unknown"
      } ]
    }
  } ]
}
]


gov.cms.bfd.server.ng.PatientReadIT.patientReadValidLong=[
{
  "resourceType": "Patient",
  "id": "178083966",
  "meta": {
    "lastUpdated": "9999-12-31T00:00:00.000+00:00",
    "profile": [ "http://hl7.org/fhir/us/carin-bb/StructureDefinition/C4BB-Patient|2.2.0", "http://hl7.org/fhir/us/core/StructureDefinition/us-core-patient|7.0.0" ]
  },
  "extension": [ {
    "url": "http://hl7.org/fhir/us/core/StructureDefinition/us-core-sex",
    "valueCode": "248153007"
  }, {
    "url": "http://hl7.org/fhir/us/core/StructureDefinition/us-core-race",
    "extension": [ {
      "url": "ombCategory",
      "valueCoding": {
        "system": "urn:oid:2.16.840.1.113883.6.238",
        "code": "1002-5",
        "display": "American Indian or Alaska Native"
      }
    }, {
      "url": "text",
      "valueString": "American Indian or Alaska Native"
    } ]
  } ],
  "identifier": [ {
    "type": {
      "coding": [ {
        "system": "http://terminology.hl7.org/CodeSystem/v2-0203",
        "code": "MB"
      } ]
    },
    "system": "http://hl7.org/fhir/sid/us-mbi",
    "value": "9OJ2CG2UC85",
    "period": {
      "start": "2030-06-27T00:00:00+00:00",
      "end": "2019-12-02T00:00:00+00:00"
    }
  } ],
  "name": [ {
    "family": "Jones",
    "given": [ "Abby" ]
  } ],
  "gender": "male",
  "birthDate": "1922-04-01",
  "address": [ {
    "state": "TX",
    "postalCode": "77551"
  } ],
  "communication": [ {
    "language": {
      "coding": [ {
        "system": "urn:ietf:bcp:47",
        "code": "unknown"
      } ]
    }
  } ]
}
]


gov.cms.bfd.server.ng.PatientReadIT.patientReadValidString=[
{
  "resourceType": "Patient",
  "id": "178083966",
  "meta": {
    "lastUpdated": "9999-12-31T00:00:00.000+00:00",
    "profile": [ "http://hl7.org/fhir/us/carin-bb/StructureDefinition/C4BB-Patient|2.2.0", "http://hl7.org/fhir/us/core/StructureDefinition/us-core-patient|7.0.0" ]
  },
  "extension": [ {
    "url": "http://hl7.org/fhir/us/core/StructureDefinition/us-core-sex",
    "valueCode": "248153007"
  }, {
    "url": "http://hl7.org/fhir/us/core/StructureDefinition/us-core-race",
    "extension": [ {
      "url": "ombCategory",
      "valueCoding": {
        "system": "urn:oid:2.16.840.1.113883.6.238",
        "code": "1002-5",
        "display": "American Indian or Alaska Native"
      }
    }, {
      "url": "text",
      "valueString": "American Indian or Alaska Native"
    } ]
  } ],
  "identifier": [ {
    "type": {
      "coding": [ {
        "system": "http://terminology.hl7.org/CodeSystem/v2-0203",
        "code": "MB"
      } ]
    },
    "system": "http://hl7.org/fhir/sid/us-mbi",
    "value": "9OJ2CG2UC85",
    "period": {
      "start": "2030-06-27T00:00:00+00:00",
      "end": "2019-12-02T00:00:00+00:00"
    }
  } ],
  "name": [ {
    "family": "Jones",
    "given": [ "Abby" ]
  } ],
  "gender": "male",
  "birthDate": "1922-04-01",
  "address": [ {
    "state": "TX",
    "postalCode": "77551"
  } ],
  "communication": [ {
    "language": {
      "coding": [ {
        "system": "urn:ietf:bcp:47",
        "code": "unknown"
      } ]
    }
  } ]
}
]