gov.cms.bfd.server.ng.PatientReadIT.patientReadValidLong=[
{
  "id" : "181968400",
  "link" : [ {
    "other" : {
      "id" : "405764107"
    },
    "type" : "replaced-by"
  } ],
  "resourceType" : "Patient"
}
]


gov.cms.bfd.server.ng.PatientReadIT.patientReadValidString=[
{
  "id" : "181968400",
  "link" : [ {
    "other" : {
      "id" : "405764107"
    },
    "type" : "replaced-by"
  } ],
  "resourceType" : "Patient"
}
]