gov.cms.bfd.server.ng.PatientReadIT.patientReadMergedBene=[
{
  "id" : "848484848",
  "link" : [ {
    "other" : {
      "display" : "517782585",
      "reference" : "Patient/517782585"
    },
    "type" : "replaced-by"
  } ],
  "resourceType" : "Patient"
}
]


gov.cms.bfd.server.ng.PatientReadIT.patientReadUnMergedWithHistoricBenes=[
{
  "address" : [ {
    "city" : "Lisbon",
    "line" : [ "14152 ND-27" ],
    "postalCode" : "58054",
    "state" : "ND"
  } ],
  "birthDate" : "1959-03-14",
  "communication" : [ {
    "language" : {
      "coding" : [ {
        "code" : "unknown",
        "system" : "urn:ietf:bcp:47"
      } ]
    }
  } ],
  "extension" : [ {
    "url" : "http://hl7.org/fhir/us/core/StructureDefinition/us-core-sex",
    "valueCode" : "248153007"
  }, {
    "extension" : [ {
      "url" : "ombCategory",
      "valueCoding" : {
        "code" : "2028-9",
        "display" : "Asian",
        "system" : "urn:oid:2.16.840.1.113883.6.238"
      }
    }, {
      "url" : "text",
      "valueCode" : "Asian"
    } ],
    "url" : "http://hl7.org/fhir/us/core/StructureDefinition/us-core-race"
  } ],
  "gender" : "male",
  "id" : "517782585",
  "identifier" : [ {
    "period" : {
      "end" : "2024-12-31T00:00:00+00:00",
      "start" : "2020-04-21T00:00:00+00:00"
    },
    "system" : "http://hl7.org/fhir/sid/us-mbi",
    "type" : {
      "coding" : [ {
        "code" : "MB",
        "system" : "http://terminology.hl7.org/CodeSystem/v2-0203"
      } ]
    },
    "value" : "2B19C89AA36"
  }, {
    "period" : {
      "start" : "2020-04-21T00:00:00+00:00"
    },
    "system" : "http://hl7.org/fhir/sid/us-mbi",
    "type" : {
      "coding" : [ {
        "code" : "MB",
        "system" : "http://terminology.hl7.org/CodeSystem/v2-0203"
      } ]
    },
    "value" : "2B19C89AA35"
  } ],
  "link" : [ {
    "other" : {
      "display" : "121212121",
      "reference" : "Patient/121212121"
    },
    "type" : "replaces"
  }, {
    "other" : {
      "display" : "848484848",
      "reference" : "Patient/848484848"
    },
    "type" : "replaces"
  } ],
  "meta" : {
    "lastUpdated" : "9999-12-31T00:00:00.000+00:00",
    "profile" : [ "http://hl7.org/fhir/us/carin-bb/StructureDefinition/C4BB-Patient|2.1.0", "http://hl7.org/fhir/us/core/StructureDefinition/us-core-patient|6.1.0" ]
  },
  "name" : [ {
    "family" : "Heeler",
    "given" : [ "Alex", "Joey" ]
  } ],
  "resourceType" : "Patient"
}
]


gov.cms.bfd.server.ng.PatientReadIT.patientReadUnMergedWithHistoricKillCredit=[
{
  "address" : [ {
    "city" : "Lisbon",
    "line" : [ "14152 ND-27" ],
    "postalCode" : "58054",
    "state" : "ND"
  } ],
  "birthDate" : "1959-03-14",
  "communication" : [ {
    "language" : {
      "coding" : [ {
        "code" : "unknown",
        "system" : "urn:ietf:bcp:47"
      } ]
    }
  } ],
  "extension" : [ {
    "url" : "http://hl7.org/fhir/us/core/StructureDefinition/us-core-sex",
    "valueCode" : "248153007"
  }, {
    "extension" : [ {
      "url" : "ombCategory",
      "valueCoding" : {
        "code" : "2028-9",
        "display" : "Asian",
        "system" : "urn:oid:2.16.840.1.113883.6.238"
      }
    }, {
      "url" : "text",
      "valueCode" : "Asian"
    } ],
    "url" : "http://hl7.org/fhir/us/core/StructureDefinition/us-core-race"
  } ],
  "gender" : "male",
  "id" : "232323232",
  "identifier" : [ {
    "system" : "http://hl7.org/fhir/sid/us-mbi",
    "type" : {
      "coding" : [ {
        "code" : "MB",
        "system" : "http://terminology.hl7.org/CodeSystem/v2-0203"
      } ]
    },
    "value" : "2B19C89AA37"
  } ],
  "meta" : {
    "lastUpdated" : "9999-12-31T00:00:00.000+00:00",
    "profile" : [ "http://hl7.org/fhir/us/carin-bb/StructureDefinition/C4BB-Patient|2.1.0", "http://hl7.org/fhir/us/core/StructureDefinition/us-core-patient|6.1.0" ]
  },
  "name" : [ {
    "family" : "Heeler",
    "given" : [ "Alex", "Joey" ]
  } ],
  "resourceType" : "Patient"
}
]


gov.cms.bfd.server.ng.PatientReadIT.patientReadValidLong=[
{
  "address" : [ {
    "city" : "Galveston",
    "line" : [ "2904 61st" ],
    "postalCode" : "77551",
    "state" : "TX"
  } ],
  "birthDate" : "1922-04-01",
  "communication" : [ {
    "language" : {
      "coding" : [ {
        "code" : "unknown",
        "system" : "urn:ietf:bcp:47"
      } ]
    }
  } ],
  "extension" : [ {
    "url" : "http://hl7.org/fhir/us/core/StructureDefinition/us-core-sex",
    "valueCode" : "248153007"
  }, {
    "extension" : [ {
      "url" : "ombCategory",
      "valueCoding" : {
        "code" : "1002-5",
        "display" : "American Indian or Alaska Native",
        "system" : "urn:oid:2.16.840.1.113883.6.238"
      }
    }, {
      "url" : "text",
      "valueCode" : "American Indian or Alaska Native"
    } ],
    "url" : "http://hl7.org/fhir/us/core/StructureDefinition/us-core-race"
  } ],
  "gender" : "male",
  "id" : "178083966",
  "identifier" : [ {
    "system" : "http://hl7.org/fhir/sid/us-mbi",
    "type" : {
      "coding" : [ {
        "code" : "MB",
        "system" : "http://terminology.hl7.org/CodeSystem/v2-0203"
      } ]
    },
    "value" : "9OJ2CG2UC85"
  } ],
  "meta" : {
    "lastUpdated" : "9999-12-31T00:00:00.000+00:00",
    "profile" : [ "http://hl7.org/fhir/us/carin-bb/StructureDefinition/C4BB-Patient|2.1.0", "http://hl7.org/fhir/us/core/StructureDefinition/us-core-patient|6.1.0" ]
  },
  "name" : [ {
    "family" : "Jones",
    "given" : [ "Abby" ]
  } ],
  "resourceType" : "Patient"
}
]


gov.cms.bfd.server.ng.PatientReadIT.patientReadValidString=[
{
  "address" : [ {
    "city" : "Galveston",
    "line" : [ "2904 61st" ],
    "postalCode" : "77551",
    "state" : "TX"
  } ],
  "birthDate" : "1922-04-01",
  "communication" : [ {
    "language" : {
      "coding" : [ {
        "code" : "unknown",
        "system" : "urn:ietf:bcp:47"
      } ]
    }
  } ],
  "extension" : [ {
    "url" : "http://hl7.org/fhir/us/core/StructureDefinition/us-core-sex",
    "valueCode" : "248153007"
  }, {
    "extension" : [ {
      "url" : "ombCategory",
      "valueCoding" : {
        "code" : "1002-5",
        "display" : "American Indian or Alaska Native",
        "system" : "urn:oid:2.16.840.1.113883.6.238"
      }
    }, {
      "url" : "text",
      "valueCode" : "American Indian or Alaska Native"
    } ],
    "url" : "http://hl7.org/fhir/us/core/StructureDefinition/us-core-race"
  } ],
  "gender" : "male",
  "id" : "178083966",
  "identifier" : [ {
    "system" : "http://hl7.org/fhir/sid/us-mbi",
    "type" : {
      "coding" : [ {
        "code" : "MB",
        "system" : "http://terminology.hl7.org/CodeSystem/v2-0203"
      } ]
    },
    "value" : "9OJ2CG2UC85"
  } ],
  "meta" : {
    "lastUpdated" : "9999-12-31T00:00:00.000+00:00",
    "profile" : [ "http://hl7.org/fhir/us/carin-bb/StructureDefinition/C4BB-Patient|2.1.0", "http://hl7.org/fhir/us/core/StructureDefinition/us-core-patient|6.1.0" ]
  },
  "name" : [ {
    "family" : "Jones",
    "given" : [ "Abby" ]
  } ],
  "resourceType" : "Patient"
}
]